Component: ARM Compiler 5.06 update 6 (build 750) Tool: armlink [4d35ed]

==============================================================================

Section Cross References

    startup_stm32f10x_md.o(STACK) refers (Special) to heapauxi.o(.text) for __use_two_region_memory
    startup_stm32f10x_md.o(HEAP) refers (Special) to heapauxi.o(.text) for __use_two_region_memory
    startup_stm32f10x_md.o(RESET) refers (Special) to heapauxi.o(.text) for __use_two_region_memory
    startup_stm32f10x_md.o(RESET) refers to startup_stm32f10x_md.o(STACK) for __initial_sp
    startup_stm32f10x_md.o(RESET) refers to startup_stm32f10x_md.o(.text) for Reset_Handler
    startup_stm32f10x_md.o(RESET) refers to stm32f10x_it.o(i.NMI_Handler) for NMI_Handler
    startup_stm32f10x_md.o(RESET) refers to stm32f10x_it.o(i.HardFault_Handler) for HardFault_Handler
    startup_stm32f10x_md.o(RESET) refers to stm32f10x_it.o(i.MemManage_Handler) for MemManage_Handler
    startup_stm32f10x_md.o(RESET) refers to stm32f10x_it.o(i.BusFault_Handler) for BusFault_Handler
    startup_stm32f10x_md.o(RESET) refers to stm32f10x_it.o(i.UsageFault_Handler) for UsageFault_Handler
    startup_stm32f10x_md.o(RESET) refers to stm32f10x_it.o(i.SVC_Handler) for SVC_Handler
    startup_stm32f10x_md.o(RESET) refers to stm32f10x_it.o(i.DebugMon_Handler) for DebugMon_Handler
    startup_stm32f10x_md.o(RESET) refers to stm32f10x_it.o(i.PendSV_Handler) for PendSV_Handler
    startup_stm32f10x_md.o(RESET) refers to delay.o(i.SysTick_Handler) for SysTick_Handler
    startup_stm32f10x_md.o(.text) refers (Special) to heapauxi.o(.text) for __use_two_region_memory
    startup_stm32f10x_md.o(.text) refers to system_stm32f10x.o(i.SystemInit) for SystemInit
    startup_stm32f10x_md.o(.text) refers to __main.o(!!!main) for __main
    startup_stm32f10x_md.o(.text) refers to startup_stm32f10x_md.o(HEAP) for Heap_Mem
    startup_stm32f10x_md.o(.text) refers to startup_stm32f10x_md.o(STACK) for Stack_Mem
    oled.o(i.I2C_Start) refers to stm32f10x_gpio.o(i.GPIO_SetBits) for GPIO_SetBits
    oled.o(i.I2C_Start) refers to oled.o(i.IIC_delay) for IIC_delay
    oled.o(i.I2C_Start) refers to stm32f10x_gpio.o(i.GPIO_ResetBits) for GPIO_ResetBits
    oled.o(i.I2C_Stop) refers to stm32f10x_gpio.o(i.GPIO_ResetBits) for GPIO_ResetBits
    oled.o(i.I2C_Stop) refers to stm32f10x_gpio.o(i.GPIO_SetBits) for GPIO_SetBits
    oled.o(i.I2C_Stop) refers to oled.o(i.IIC_delay) for IIC_delay
    oled.o(i.I2C_WaitAck) refers to stm32f10x_gpio.o(i.GPIO_SetBits) for GPIO_SetBits
    oled.o(i.I2C_WaitAck) refers to oled.o(i.IIC_delay) for IIC_delay
    oled.o(i.I2C_WaitAck) refers to stm32f10x_gpio.o(i.GPIO_ResetBits) for GPIO_ResetBits
    oled.o(i.OLED_Clear) refers to oled.o(i.OLED_Refresh) for OLED_Refresh
    oled.o(i.OLED_Clear) refers to oled.o(.bss) for OLED_GRAM
    oled.o(i.OLED_ColorTurn) refers to oled.o(i.OLED_WR_Byte) for OLED_WR_Byte
    oled.o(i.OLED_DisPlay_Off) refers to oled.o(i.OLED_WR_Byte) for OLED_WR_Byte
    oled.o(i.OLED_DisPlay_On) refers to oled.o(i.OLED_WR_Byte) for OLED_WR_Byte
    oled.o(i.OLED_DrawCircle) refers to oled.o(i.OLED_DrawPoint) for OLED_DrawPoint
    oled.o(i.OLED_DrawLine) refers to oled.o(i.OLED_DrawPoint) for OLED_DrawPoint
    oled.o(i.OLED_DrawPoint) refers to oled.o(.bss) for OLED_GRAM
    oled.o(i.OLED_Init) refers to stm32f10x_rcc.o(i.RCC_APB2PeriphClockCmd) for RCC_APB2PeriphClockCmd
    oled.o(i.OLED_Init) refers to stm32f10x_gpio.o(i.GPIO_Init) for GPIO_Init
    oled.o(i.OLED_Init) refers to stm32f10x_gpio.o(i.GPIO_SetBits) for GPIO_SetBits
    oled.o(i.OLED_Init) refers to stm32f10x_gpio.o(i.GPIO_ResetBits) for GPIO_ResetBits
    oled.o(i.OLED_Init) refers to delay.o(i.delay_ms) for delay_ms
    oled.o(i.OLED_Init) refers to oled.o(i.OLED_WR_Byte) for OLED_WR_Byte
    oled.o(i.OLED_Init) refers to oled.o(i.OLED_Clear) for OLED_Clear
    oled.o(i.OLED_Refresh) refers to oled.o(i.OLED_WR_Byte) for OLED_WR_Byte
    oled.o(i.OLED_Refresh) refers to oled.o(.bss) for OLED_GRAM
    oled.o(i.OLED_ScrollDisplay) refers to oled.o(i.OLED_ShowChinese) for OLED_ShowChinese
    oled.o(i.OLED_ScrollDisplay) refers to oled.o(i.OLED_Refresh) for OLED_Refresh
    oled.o(i.OLED_ScrollDisplay) refers to oled.o(.bss) for OLED_GRAM
    oled.o(i.OLED_ShowChar) refers to oled.o(i.OLED_DrawPoint) for OLED_DrawPoint
    oled.o(i.OLED_ShowChar) refers to oled.o(.constdata) for asc2_0806
    oled.o(i.OLED_ShowChinese) refers to oled.o(i.OLED_DrawPoint) for OLED_DrawPoint
    oled.o(i.OLED_ShowChinese) refers to oled.o(.constdata) for Hzk1
    oled.o(i.OLED_ShowNum) refers to oled.o(i.OLED_Pow) for OLED_Pow
    oled.o(i.OLED_ShowNum) refers to oled.o(i.OLED_ShowChar) for OLED_ShowChar
    oled.o(i.OLED_ShowPicture) refers to oled.o(i.OLED_DrawPoint) for OLED_DrawPoint
    oled.o(i.OLED_ShowString) refers to oled.o(i.OLED_ShowChar) for OLED_ShowChar
    oled.o(i.OLED_WR_Byte) refers to oled.o(i.I2C_Start) for I2C_Start
[...]
    i.list_draw_krf                          0x08002c38   Section        0  pages.o(i.list_draw_krf)
    i.list_draw_text_and_check_box           0x08002c88   Section        0  pages.o(i.list_draw_text_and_check_box)
    i.list_draw_value                        0x08002d50   Section        0  pages.o(i.list_draw_value)
    i.list_rotate_switch                     0x08002da0   Section        0  pages.o(i.list_rotate_switch)
    i.list_show                              0x08002fe4   Section        0  pages.o(i.list_show)
    i.main                                   0x08003370   Section        0  main.o(i.main)
    i.main_proc                              0x080033dc   Section        0  pages.o(i.main_proc)
    i.millis                                 0x080034a8   Section        0  delay.o(i.millis)
    i.powf                                   0x080034bc   Section        0  powf.o(i.powf)
    i.setpixel                               0x08003adc   Section        0  u8g2_adapter.o(i.setpixel)
    setpixel                                 0x08003add   Thumb Code   178  u8g2_adapter.o(i.setpixel)
    i.setting_param_init                     0x08003b98   Section        0  pages.o(i.setting_param_init)
    i.setting_proc                           0x08003c68   Section        0  pages.o(i.setting_proc)
    i.sinf                                   0x08003f44   Section        0  sinf.o(i.sinf)
    i.sleep_param_init                       0x080040cc   Section        0  pages.o(i.sleep_param_init)
    i.tile_param_init                        0x080040f0   Section        0  pages.o(i.tile_param_init)
    i.tile_rotate_switch                     0x08004134   Section        0  pages.o(i.tile_rotate_switch)
    i.tile_show                              0x08004258   Section        0  pages.o(i.tile_show)
    i.u8g2_Begin                             0x080044e8   Section        0  u8g2_adapter.o(i.u8g2_Begin)
    i.u8g2_ClearBuffer                       0x0800450c   Section        0  u8g2_adapter.o(i.u8g2_ClearBuffer)
    i.u8g2_DrawBox                           0x08004520   Section        0  u8g2_adapter.o(i.u8g2_DrawBox)
    i.u8g2_DrawFrame                         0x08004558   Section        0  u8g2_adapter.o(i.u8g2_DrawFrame)
    i.u8g2_DrawHLine                         0x080045c4   Section        0  u8g2_adapter.o(i.u8g2_DrawHLine)
    i.u8g2_DrawLine                          0x080045e8   Section        0  u8g2_adapter.o(i.u8g2_DrawLine)
    i.u8g2_DrawRBox                          0x08004614   Section        0  u8g2_adapter.o(i.u8g2_DrawRBox)
    i.u8g2_DrawRFrame                        0x08004726   Section        0  u8g2_adapter.o(i.u8g2_DrawRFrame)
    i.u8g2_DrawStr                           0x0800486c   Section        0  u8g2_adapter.o(i.u8g2_DrawStr)
    i.u8g2_DrawVLine                         0x080048a4   Section        0  u8g2_adapter.o(i.u8g2_DrawVLine)
    i.u8g2_DrawXBMP                          0x080048c8   Section        0  u8g2_adapter.o(i.u8g2_DrawXBMP)
    i.u8g2_GetStrWidth                       0x0800493c   Section        0  u8g2_adapter.o(i.u8g2_GetStrWidth)
    i.u8g2_Print                             0x0800497c   Section        0  u8g2_adapter.o(i.u8g2_Print)
    i.u8g2_PrintFloat                        0x080049a4   Section        0  u8g2_adapter.o(i.u8g2_PrintFloat)
    i.u8g2_PrintStr                          0x08004a28   Section        0  u8g2_adapter.o(i.u8g2_PrintStr)
    i.u8g2_SendBuffer                        0x08004a54   Section        0  u8g2_adapter.o(i.u8g2_SendBuffer)
    i.u8g2_SetClipWindow                     0x08004a5c   Section        0  u8g2_adapter.o(i.u8g2_SetClipWindow)
    i.u8g2_SetContrast                       0x08004a80   Section        0  u8g2_adapter.o(i.u8g2_SetContrast)
    i.u8g2_SetCursor                         0x08004a98   Section        0  u8g2_adapter.o(i.u8g2_SetCursor)
    i.u8g2_SetDrawColor                      0x08004aa4   Section        0  u8g2_adapter.o(i.u8g2_SetDrawColor)
    i.u8g2_SetFont                           0x08004ab0   Section        0  u8g2_adapter.o(i.u8g2_SetFont)
    i.u8g2_SetFontDirection                  0x08004ad0   Section        0  u8g2_adapter.o(i.u8g2_SetFontDirection)
    i.u8g2_SetMaxClipWindow                  0x08004adc   Section        0  u8g2_adapter.o(i.u8g2_SetMaxClipWindow)
    i.u8g2_SetPowerSave                      0x08004af4   Section        0  u8g2_adapter.o(i.u8g2_SetPowerSave)
    i.ui_init                                0x08004b10   Section        0  ui_state.o(i.ui_init)
    i.ui_param_init                          0x08004b38   Section        0  ui_state.o(i.ui_param_init)
    i.ui_proc                                0x08004ba8   Section        0  pages.o(i.ui_proc)
    i.volt_param_init                        0x08004f6c   Section        0  pages.o(i.volt_param_init)
    i.volt_proc                              0x08004f80   Section        0  pages.o(i.volt_proc)
    i.volt_show                              0x08004fcc   Section        0  pages.o(i.volt_show)
    i.window_message_init                    0x080052f4   Section        0  window.o(i.window_message_init)
    i.window_param_init                      0x0800543c   Section        0  window.o(i.window_param_init)
    i.window_proc                            0x0800549c   Section        0  window.o(i.window_proc)
    i.window_show                            0x080055c0   Section        0  window.o(i.window_show)
    i.window_value_init                      0x080059b0   Section        0  window.o(i.window_value_init)
    x$fpl$dcmpinf                            0x08005a08   Section       24  dcmpi.o(x$fpl$dcmpinf)
    x$fpl$dleqf                              0x08005a20   Section      120  dleqf.o(x$fpl$dleqf)
    x$fpl$dnaninf                            0x08005a98   Section      156  dnaninf.o(x$fpl$dnaninf)
    x$fpl$dretinf                            0x08005b34   Section       12  dretinf.o(x$fpl$dretinf)
    x$fpl$f2d                                0x08005b40   Section       86  f2d.o(x$fpl$f2d)
    x$fpl$fadd                               0x08005b98   Section      196  faddsub_clz.o(x$fpl$fadd)
    _fadd1                                   0x08005ba7   Thumb Code     0  faddsub_clz.o(x$fpl$fadd)
    x$fpl$fcheck1                            0x08005c5c   Section       12  fcheck1.o(x$fpl$fcheck1)
    x$fpl$fcmpinf                            0x08005c68   Section       24  fcmpi.o(x$fpl$fcmpinf)
    x$fpl$fdiv                               0x08005c80   Section      388  fdiv.o(x$fpl$fdiv)
    _fdiv1                                   0x08005c81   Thumb Code     0  fdiv.o(x$fpl$fdiv)
    x$fpl$feqf                               0x08005e04   Section      104  feqf.o(x$fpl$feqf)
    x$fpl$ffix                               0x08005e6c   Section       54  ffix.o(x$fpl$ffix)
    x$fpl$ffixr                              0x08005ea4   Section       82  ffix.o(x$fpl$ffixr)
    x$fpl$ffixu                              0x08005ef8   Section       62  ffixu.o(x$fpl$ffixu)
    x$fpl$fflt                               0x08005f38   Section       48  fflt_clz.o(x$fpl$fflt)
    x$fpl$ffltu                              0x08005f68   Section       38  fflt_clz.o(x$fpl$ffltu)
    x$fpl$fleqf                              0x08005f90   Section      104  fleqf.o(x$fpl$fleqf)
    x$fpl$fmul                               0x08005ff8   Section      258  fmul.o(x$fpl$fmul)
    x$fpl$fnaninf                            0x080060fa   Section      140  fnaninf.o(x$fpl$fnaninf)
    x$fpl$fretinf                            0x08006186   Section       10  fretinf.o(x$fpl$fretinf)
    x$fpl$frleqf                             0x08006190   Section       98  frleqf.o(x$fpl$frleqf)
    x$fpl$frnd                               0x080061f4   Section       96  frnd.o(x$fpl$frnd)
    x$fpl$frsb                               0x08006254   Section       20  faddsub_clz.o(x$fpl$frsb)
    x$fpl$fsub                               0x08006268   Section      234  faddsub_clz.o(x$fpl$fsub)
    _fsub1                                   0x08006277   Thumb Code     0  faddsub_clz.o(x$fpl$fsub)
    x$fpl$retnan                             0x08006352   Section      100  retnan.o(x$fpl$retnan)
    x$fpl$scalbnf                            0x080063b6   Section       76  scalbnf.o(x$fpl$scalbnf)
    x$fpl$trapveneer                         0x08006402   Section       48  trapv.o(x$fpl$trapveneer)
    .constdata                               0x08006432   Section     7696  oled.o(.constdata)
    x$fpl$usenofp                            0x08006432   Section        0  usenofp.o(x$fpl$usenofp)
    .constdata                               0x08008242   Section        2  u8g2_adapter.o(.constdata)
    .constdata                               0x08008244   Section       24  pages.o(.constdata)
    slp_table                                0x08008244   Data          24  pages.o(.constdata)
    .constdata                               0x0800825c   Section     1152  menu_data.o(.constdata)
    .constdata                               0x080086dc   Section       11  eeprom_manager.o(.constdata)
    default_check                            0x080086dc   Data          11  eeprom_manager.o(.constdata)
    .constdata                               0x080086e7   Section       17  __printf_flags_ss_wp.o(.constdata)
    maptable                                 0x080086e7   Data          17  __printf_flags_ss_wp.o(.constdata)
    .constdata                               0x080086f8   Section      320  powf.o(.constdata)
    table                                    0x080086f8   Data         128  powf.o(.constdata)
    powersof2to1over16top                    0x08008778   Data          64  powf.o(.constdata)
    powersof2to1over16bot                    0x080087b8   Data          64  powf.o(.constdata)
    powersof2to1over16all                    0x080087f8   Data          64  powf.o(.constdata)
    .constdata                               0x08008838   Section       32  rredf.o(.constdata)
    twooverpi                                0x08008838   Data          32  rredf.o(.constdata)
    .conststring                             0x08008858   Section       29  pages.o(.conststring)
    .data                                    0x20000000   Section       22  u8g2_adapter.o(.data)
    .data                                    0x20000016   Section        1  u8g2_global.o(.data)
    .data                                    0x20000018   Section       36  pages.o(.data)
    phase                                    0x20000022   Data           2  pages.o(.data)
    slp_str                                  0x20000024   Data          24  pages.o(.data)
    .data                                    0x2000003c   Section        4  ui_state.o(.data)
    .data                                    0x20000040   Section        4  animation.o(.data)
    last_fade_time                           0x20000040   Data           4  animation.o(.data)
    .data                                    0x20000044   Section     4832  menu_data.o(.data)
    .data                                    0x20001324   Section       12  knob.o(.data)
    val                                      0x20001324   Data           4  knob.o(.data)
    val_last                                 0x20001328   Data           4  knob.o(.data)
    count                                    0x2000132c   Data           4  knob.o(.data)
    .data                                    0x20001330   Section        1  eeprom_manager.o(.data)
    eeprom_initialized                       0x20001330   Data           1  eeprom_manager.o(.data)
    .data                                    0x20001334   Section        4  delay.o(.data)
    sys_millis                               0x20001334   Data           4  delay.o(.data)
    .data                                    0x20001338   Section       20  system_stm32f10x.o(.data)
    .data                                    0x2000134c   Section        4  strtok.o(.data)
    _strtok_saves1                           0x2000134c   Data           4  strtok.o(.data)
    .bss                                     0x20001350   Section     2048  oled.o(.bss)
    .bss                                     0x20001b50   Section     1496  ui_state.o(.bss)
    .bss                                     0x20002128   Section       28  knob.o(.bss)
    .bss                                     0x20002144   Section      272  eeprom_manager.o(.bss)
    eeprom_ram                               0x20002154   Data         256  eeprom_manager.o(.bss)
    .bss                                     0x20002254   Section       96  libspace.o(.bss)
    HEAP                                     0x200022b8   Section      512  startup_stm32f10x_md.o(HEAP)
    Heap_Mem                                 0x200022b8   Data         512  startup_stm32f10x_md.o(HEAP)
    STACK                                    0x200024b8   Section     1024  startup_stm32f10x_md.o(STACK)
    Stack_Mem                                0x200024b8   Data        1024  startup_stm32f10x_md.o(STACK)
    __initial_sp                             0x200028b8   Data           0  startup_stm32f10x_md.o(STACK)

    Global Symbols

    Symbol Name                              Value     Ov Type        Size  Object(Section)

    BuildAttributes$$THM_ISAv4$P$D$K$B$S$PE$A:L22UL41UL21$X:L11$S22US41US21$IEEE1$IW$USESV6$~STKCKD$USESV7$~SHL$OTIME$ROPI$IEEEX$EBA8$UX$STANDARDLIB$REQ8$PRES8$EABIv2 0x00000000   Number         0  anon$$obj.o ABSOLUTE
    __ARM_use_no_argv                        0x00000000   Number         0  main.o ABSOLUTE
    _printf_flags                            0x00000000   Number         0  printf_stubs.o ABSOLUTE
    _printf_return_value                     0x00000000   Number         0  printf_stubs.o ABSOLUTE
    _printf_sizespec                         0x00000000   Number         0  printf_stubs.o ABSOLUTE
    _printf_widthprec                        0x00000000   Number         0  printf_stubs.o ABSOLUTE
    __ARM_exceptions_init                     - Undefined Weak Reference
    __alloca_initialize                       - Undefined Weak Reference
    __arm_preinit_                            - Undefined Weak Reference
    __cpp_initialize__aeabi_                  - Undefined Weak Reference
    __cxa_finalize                            - Undefined Weak Reference
    __rt_locale                               - Undefined Weak Reference
    __sigvec_lookup                           - Undefined Weak Reference
    _atexit_init                              - Undefined Weak Reference
    _call_atexit_fns                          - Undefined Weak Reference
    _clock_init                               - Undefined Weak Reference
    _fp_trap_init                             - Undefined Weak Reference
    _fp_trap_shutdown                         - Undefined Weak Reference
    _get_lc_collate                           - Undefined Weak Reference
    _get_lc_ctype                             - Undefined Weak Reference
    _get_lc_monetary                          - Undefined Weak Reference
    _get_lc_numeric                           - Undefined Weak Reference
    _get_lc_time                              - Undefined Weak Reference
    _getenv_init                              - Undefined Weak Reference
    _handle_redirection                       - Undefined Weak Reference
    _init_alloc                               - Undefined Weak Reference
    _init_user_alloc                          - Undefined Weak Reference
    _initio                                   - Undefined Weak Reference
    _printf_truncate_signed                   - Undefined Weak Reference
    _printf_truncate_unsigned                 - Undefined Weak Reference
    _rand_init                                - Undefined Weak Reference
    _signal_finish                            - Undefined Weak Reference
    _signal_init                              - Undefined Weak Reference
    _terminate_alloc                          - Undefined Weak Reference
    _terminate_user_alloc                     - Undefined Weak Reference
    _terminateio                              - Undefined Weak Reference
    __Vectors_Size                           0x000000ec   Number         0  startup_stm32f10x_md.o ABSOLUTE
    __Vectors                                0x08000000   Data           4  startup_stm32f10x_md.o(RESET)
    __Vectors_End                            0x080000ec   Data           0  startup_stm32f10x_md.o(RESET)
    __main                                   0x080000ed   Thumb Code     8  __main.o(!!!main)
    __scatterload                            0x080000f5   Thumb Code     0  __scatter.o(!!!scatter)
    __scatterload_rt2                        0x080000f5   Thumb Code    44  __scatter.o(!!!scatter)
    __scatterload_rt2_thumb_only             0x080000f5   Thumb Code     0  __scatter.o(!!!scatter)
    __scatterload_null                       0x08000103   Thumb Code     0  __scatter.o(!!!scatter)
    __decompress                             0x08000129   Thumb Code    90  __dczerorl2.o(!!dczerorl2)
    __decompress1                            0x08000129   Thumb Code     0  __dczerorl2.o(!!dczerorl2)
    __scatterload_zeroinit                   0x08000185   Thumb Code    28  __scatter_zi.o(!!handler_zi)
    _printf_d                                0x080001a1   Thumb Code     0  _printf_d.o(.ARM.Collect$$_printf_percent$$00000009)
    _printf_percent                          0x080001a1   Thumb Code     0  _printf_percent.o(.ARM.Collect$$_printf_percent$$00000000)
    _printf_u                                0x080001a7   Thumb Code     0  _printf_u.o(.ARM.Collect$$_printf_percent$$0000000A)
    _printf_percent_end                      0x080001ad   Thumb Code     0  _printf_percent_end.o(.ARM.Collect$$_printf_percent$$00000017)
    __rt_lib_init                            0x080001b1   Thumb Code     0  libinit.o(.ARM.Collect$$libinit$$00000000)
    __rt_lib_init_alloca_1                   0x080001b3   Thumb Code     0  libinit2.o(.ARM.Collect$$libinit$$0000002E)
    __rt_lib_init_argv_1                     0x080001b3   Thumb Code     0  libinit2.o(.ARM.Collect$$libinit$$0000002C)
    __rt_lib_init_atexit_1                   0x080001b3   Thumb Code     0  libinit2.o(.ARM.Collect$$libinit$$0000001B)
    __rt_lib_init_clock_1                    0x080001b3   Thumb Code     0  libinit2.o(.ARM.Collect$$libinit$$00000021)
    __rt_lib_init_cpp_1                      0x080001b3   Thumb Code     0  libinit2.o(.ARM.Collect$$libinit$$00000032)
    __rt_lib_init_exceptions_1               0x080001b3   Thumb Code     0  libinit2.o(.ARM.Collect$$libinit$$00000030)
    __rt_lib_init_fp_1                       0x080001b3   Thumb Code     0  libinit2.o(.ARM.Collect$$libinit$$00000002)
    __rt_lib_init_fp_trap_1                  0x080001b3   Thumb Code     0  libinit2.o(.ARM.Collect$$libinit$$0000001F)
    __rt_lib_init_getenv_1                   0x080001b3   Thumb Code     0  libinit2.o(.ARM.Collect$$libinit$$00000023)
    __rt_lib_init_heap_1                     0x080001b3   Thumb Code     0  libinit2.o(.ARM.Collect$$libinit$$0000000A)
    __rt_lib_init_lc_collate_1               0x080001b3   Thumb Code     0  libinit2.o(.ARM.Collect$$libinit$$00000011)
    __rt_lib_init_lc_ctype_1                 0x080001b3   Thumb Code     0  libinit2.o(.ARM.Collect$$libinit$$00000013)
    __rt_lib_init_lc_monetary_1              0x080001b3   Thumb Code     0  libinit2.o(.ARM.Collect$$libinit$$00000015)
    __rt_lib_init_lc_numeric_1               0x080001b3   Thumb Code     0  libinit2.o(.ARM.Collect$$libinit$$00000017)
    __rt_lib_init_lc_time_1                  0x080001b3   Thumb Code     0  libinit2.o(.ARM.Collect$$libinit$$00000019)
    __rt_lib_init_preinit_1                  0x080001b3   Thumb Code     0  libinit2.o(.ARM.Collect$$libinit$$00000004)
    __rt_lib_init_rand_1                     0x080001b3   Thumb Code     0  libinit2.o(.ARM.Collect$$libinit$$0000000E)
    __rt_lib_init_return                     0x080001b3   Thumb Code     0  libinit2.o(.ARM.Collect$$libinit$$00000033)
    __rt_lib_init_signal_1                   0x080001b3   Thumb Code     0  libinit2.o(.ARM.Collect$$libinit$$0000001D)
    __rt_lib_init_stdio_1                    0x080001b3   Thumb Code     0  libinit2.o(.ARM.Collect$$libinit$$00000025)
    __rt_lib_init_user_alloc_1               0x080001b3   Thumb Code     0  libinit2.o(.ARM.Collect$$libinit$$0000000C)
    __rt_lib_shutdown                        0x080001b5   Thumb Code     0  libshutdown.o(.ARM.Collect$$libshutdown$$00000000)
    __rt_lib_shutdown_cpp_1                  0x080001b7   Thumb Code     0  libshutdown2.o(.ARM.Collect$$libshutdown$$00000002)
    __rt_lib_shutdown_fp_trap_1              0x080001b7   Thumb Code     0  libshutdown2.o(.ARM.Collect$$libshutdown$$00000007)
    __rt_lib_shutdown_heap_1                 0x080001b7   Thumb Code     0  libshutdown2.o(.ARM.Collect$$libshutdown$$0000000F)
    __rt_lib_shutdown_return                 0x080001b7   Thumb Code     0  libshutdown2.o(.ARM.Collect$$libshutdown$$00000010)
    __rt_lib_shutdown_signal_1               0x080001b7   Thumb Code     0  libshutdown2.o(.ARM.Collect$$libshutdown$$0000000A)
    __rt_lib_shutdown_stdio_1                0x080001b7   Thumb Code     0  libshutdown2.o(.ARM.Collect$$libshutdown$$00000004)
    __rt_lib_shutdown_user_alloc_1           0x080001b7   Thumb Code     0  libshutdown2.o(.ARM.Collect$$libshutdown$$0000000C)
    __rt_entry                               0x080001b9   Thumb Code     0  __rtentry.o(.ARM.Collect$$rtentry$$00000000)
    __rt_entry_presh_1                       0x080001b9   Thumb Code     0  __rtentry2.o(.ARM.Collect$$rtentry$$00000002)
    __rt_entry_sh                            0x080001b9   Thumb Code     0  __rtentry4.o(.ARM.Collect$$rtentry$$00000004)
    __rt_entry_li                            0x080001bf   Thumb Code     0  __rtentry2.o(.ARM.Collect$$rtentry$$0000000A)
    __rt_entry_postsh_1                      0x080001bf   Thumb Code     0  __rtentry2.o(.ARM.Collect$$rtentry$$00000009)
    __rt_entry_main                          0x080001c3   Thumb Code     0  __rtentry2.o(.ARM.Collect$$rtentry$$0000000D)
    __rt_entry_postli_1                      0x080001c3   Thumb Code     0  __rtentry2.o(.ARM.Collect$$rtentry$$0000000C)
    __rt_exit                                0x080001cb   Thumb Code     0  rtexit.o(.ARM.Collect$$rtexit$$00000000)
    __rt_exit_ls                             0x080001cd   Thumb Code     0  rtexit2.o(.ARM.Collect$$rtexit$$00000003)
    __rt_exit_prels_1                        0x080001cd   Thumb Code     0  rtexit2.o(.ARM.Collect$$rtexit$$00000002)
    __rt_exit_exit                           0x080001d1   Thumb Code     0  rtexit2.o(.ARM.Collect$$rtexit$$00000004)
    Reset_Handler                            0x080001d9   Thumb Code     8  startup_stm32f10x_md.o(.text)
    ADC1_2_IRQHandler                        0x080001f3   Thumb Code     0  startup_stm32f10x_md.o(.text)
    CAN1_RX1_IRQHandler                      0x080001f3   Thumb Code     0  startup_stm32f10x_md.o(.text)
    CAN1_SCE_IRQHandler                      0x080001f3   Thumb Code     0  startup_stm32f10x_md.o(.text)
    DMA1_Channel1_IRQHandler                 0x080001f3   Thumb Code     0  startup_stm32f10x_md.o(.text)
    DMA1_Channel2_IRQHandler                 0x080001f3   Thumb Code     0  startup_stm32f10x_md.o(.text)
    DMA1_Channel3_IRQHandler                 0x080001f3   Thumb Code     0  startup_stm32f10x_md.o(.text)
    DMA1_Channel4_IRQHandler                 0x080001f3   Thumb Code     0  startup_stm32f10x_md.o(.text)
    DMA1_Channel5_IRQHandler                 0x080001f3   Thumb Code     0  startup_stm32f10x_md.o(.text)
    DMA1_Channel6_IRQHandler                 0x080001f3   Thumb Code     0  startup_stm32f10x_md.o(.text)
    DMA1_Channel7_IRQHandler                 0x080001f3   Thumb Code     0  startup_stm32f10x_md.o(.text)
    EXTI0_IRQHandler                         0x080001f3   Thumb Code     0  startup_stm32f10x_md.o(.text)
    EXTI15_10_IRQHandler                     0x080001f3   Thumb Code     0  startup_stm32f10x_md.o(.text)
    EXTI1_IRQHandler                         0x080001f3   Thumb Code     0  startup_stm32f10x_md.o(.text)
    EXTI2_IRQHandler                         0x080001f3   Thumb Code     0  startup_stm32f10x_md.o(.text)
    EXTI3_IRQHandler                         0x080001f3   Thumb Code     0  startup_stm32f10x_md.o(.text)
    EXTI4_IRQHandler                         0x080001f3   Thumb Code     0  startup_stm32f10x_md.o(.text)
    EXTI9_5_IRQHandler                       0x080001f3   Thumb Code     0  startup_stm32f10x_md.o(.text)
    FLASH_IRQHandler                         0x080001f3   Thumb Code     0  startup_stm32f10x_md.o(.text)
    I2C1_ER_IRQHandler                       0x080001f3   Thumb Code     0  startup_stm32f10x_md.o(.text)
    I2C1_EV_IRQHandler                       0x080001f3   Thumb Code     0  startup_stm32f10x_md.o(.text)
    I2C2_ER_IRQHandler                       0x080001f3   Thumb Code     0  startup_stm32f10x_md.o(.text)
    I2C2_EV_IRQHandler                       0x080001f3   Thumb Code     0  startup_stm32f10x_md.o(.text)
    PVD_IRQHandler                           0x080001f3   Thumb Code     0  startup_stm32f10x_md.o(.text)
    RCC_IRQHandler                           0x080001f3   Thumb Code     0  startup_stm32f10x_md.o(.text)
    RTCAlarm_IRQHandler                      0x080001f3   Thumb Code     0  startup_stm32f10x_md.o(.text)
    RTC_IRQHandler                           0x080001f3   Thumb Code     0  startup_stm32f10x_md.o(.text)
    SPI1_IRQHandler                          0x080001f3   Thumb Code     0  startup_stm32f10x_md.o(.text)
    SPI2_IRQHandler                          0x080001f3   Thumb Code     0  startup_stm32f10x_md.o(.text)
    TAMPER_IRQHandler                        0x080001f3   Thumb Code     0  startup_stm32f10x_md.o(.text)
    TIM1_BRK_IRQHandler                      0x080001f3   Thumb Code     0  startup_stm32f10x_md.o(.text)
    TIM1_CC_IRQHandler                       0x080001f3   Thumb Code     0  startup_stm32f10x_md.o(.text)
    TIM1_TRG_COM_IRQHandler                  0x080001f3   Thumb Code     0  startup_stm32f10x_md.o(.text)
    TIM1_UP_IRQHandler                       0x080001f3   Thumb Code     0  startup_stm32f10x_md.o(.text)
    TIM2_IRQHandler                          0x080001f3   Thumb Code     0  startup_stm32f10x_md.o(.text)
    TIM3_IRQHandler                          0x080001f3   Thumb Code     0  startup_stm32f10x_md.o(.text)
    TIM4_IRQHandler                          0x080001f3   Thumb Code     0  startup_stm32f10x_md.o(.text)
    USART1_IRQHandler                        0x080001f3   Thumb Code     0  startup_stm32f10x_md.o(.text)
    USART2_IRQHandler                        0x080001f3   Thumb Code     0  startup_stm32f10x_md.o(.text)
    USART3_IRQHandler                        0x080001f3   Thumb Code     0  startup_stm32f10x_md.o(.text)
    USBWakeUp_IRQHandler                     0x080001f3   Thumb Code     0  startup_stm32f10x_md.o(.text)
    USB_HP_CAN1_TX_IRQHandler                0x080001f3   Thumb Code     0  startup_stm32f10x_md.o(.text)
    USB_LP_CAN1_RX0_IRQHandler               0x080001f3   Thumb Code     0  startup_stm32f10x_md.o(.text)
    WWDG_IRQHandler                          0x080001f3   Thumb Code     0  startup_stm32f10x_md.o(.text)
    __user_initial_stackheap                 0x080001f5   Thumb Code     0  startup_stm32f10x_md.o(.text)
    __2sprintf                               0x08000219   Thumb Code    34  noretval__2sprintf.o(.text)
    _printf_pre_padding                      0x08000241   Thumb Code    44  _printf_pad.o(.text)
    _printf_post_padding                     0x0800026d   Thumb Code    34  _printf_pad.o(.text)
    _printf_int_dec                          0x08000291   Thumb Code   104  _printf_dec.o(.text)
    __printf                                 0x08000309   Thumb Code   388  __printf_flags_ss_wp.o(.text)
    strtok                                   0x08000491   Thumb Code     6  strtok.o(.text)
    strcpy                                   0x0800049d   Thumb Code    72  strcpy.o(.text)
    __aeabi_memclr                           0x080004e5   Thumb Code     0  rt_memclr.o(.text)
    __rt_memclr                              0x080004e5   Thumb Code    68  rt_memclr.o(.text)
    _memset                                  0x080004e9   Thumb Code     0  rt_memclr.o(.text)
    strcmp                                   0x08000529   Thumb Code   128  strcmpv7m.o(.text)
    __use_two_region_memory                  0x080005a9   Thumb Code     2  heapauxi.o(.text)
    __rt_heap_escrow$2region                 0x080005ab   Thumb Code     2  heapauxi.o(.text)
    __rt_heap_expand$2region                 0x080005ad   Thumb Code     2  heapauxi.o(.text)
    __read_errno                             0x080005af   Thumb Code    10  _rserrno.o(.text)
    __set_errno                              0x080005b9   Thumb Code    12  _rserrno.o(.text)
    _printf_int_common                       0x080005c5   Thumb Code   178  _printf_intcommon.o(.text)
    _printf_char_common                      0x08000683   Thumb Code    32  _printf_char_common.o(.text)
    _sputc                                   0x080006a9   Thumb Code    10  _sputc.o(.text)
    __strtok_internal                        0x080006b5   Thumb Code    64  strtok_int.o(.text)
    __aeabi_memclr4                          0x080006f9   Thumb Code     0  rt_memclr_w.o(.text)
    __aeabi_memclr8                          0x080006f9   Thumb Code     0  rt_memclr_w.o(.text)
    __rt_memclr_w                            0x080006f9   Thumb Code    78  rt_memclr_w.o(.text)
    _memset_w                                0x080006fd   Thumb Code     0  rt_memclr_w.o(.text)
    __aeabi_errno_addr                       0x08000749   Thumb Code     8  rt_errno_addr_intlibspace.o(.text)
    __errno$intlibspace                      0x08000749   Thumb Code     0  rt_errno_addr_intlibspace.o(.text)
    __rt_errno_addr$intlibspace              0x08000749   Thumb Code     0  rt_errno_addr_intlibspace.o(.text)
    strcspn                                  0x08000751   Thumb Code    32  strcspn.o(.text)
    strspn                                   0x08000771   Thumb Code    28  strspn.o(.text)
    __user_libspace                          0x0800078d   Thumb Code     8  libspace.o(.text)
    __user_perproc_libspace                  0x0800078d   Thumb Code     0  libspace.o(.text)
    __user_perthread_libspace                0x0800078d   Thumb Code     0  libspace.o(.text)
    __user_setup_stackheap                   0x08000795   Thumb Code    74  sys_stackheap_outer.o(.text)
    exit                                     0x080007df   Thumb Code    18  exit.o(.text)
    _sys_exit                                0x080007f1   Thumb Code     8  sys_exit.o(.text)
    __I$use$semihosting                      0x080007fd   Thumb Code     0  use_no_semi.o(.text)
    __use_no_semihosting_swi                 0x080007fd   Thumb Code     2  use_no_semi.o(.text)
    BusFault_Handler                         0x080007ff   Thumb Code     4  stm32f10x_it.o(i.BusFault_Handler)
    __semihosting_library_function           0x080007ff   Thumb Code     0  indicate_semi.o(.text)
    DebugMon_Handler                         0x08000803   Thumb Code     2  stm32f10x_it.o(i.DebugMon_Handler)
    GPIO_Init                                0x08000805   Thumb Code   278  stm32f10x_gpio.o(i.GPIO_Init)
    GPIO_ResetBits                           0x0800091b   Thumb Code     4  stm32f10x_gpio.o(i.GPIO_ResetBits)
    GPIO_SetBits                             0x0800091f   Thumb Code     4  stm32f10x_gpio.o(i.GPIO_SetBits)
    HardFault_Handler                        0x08000923   Thumb Code     4  stm32f10x_it.o(i.HardFault_Handler)
    I2C_Start                                0x08000929   Thumb Code    48  oled.o(i.I2C_Start)
    I2C_Stop                                 0x0800095d   Thumb Code    32  oled.o(i.I2C_Stop)
    I2C_WaitAck                              0x08000981   Thumb Code    40  oled.o(i.I2C_WaitAck)
    IIC_delay                                0x080009ad   Thumb Code    16  oled.o(i.IIC_delay)
    MemManage_Handler                        0x080009bd   Thumb Code     4  stm32f10x_it.o(i.MemManage_Handler)
    NMI_Handler                              0x080009c1   Thumb Code     2  stm32f10x_it.o(i.NMI_Handler)
    OLED_Clear                               0x080009ed   Thumb Code    42  oled.o(i.OLED_Clear)
    OLED_ColorTurn                           0x08000a1d   Thumb Code    28  oled.o(i.OLED_ColorTurn)
    OLED_DrawLine                            0x08000a39   Thumb Code   172  oled.o(i.OLED_DrawLine)
    OLED_DrawPoint                           0x08000ae5   Thumb Code   146  oled.o(i.OLED_DrawPoint)
    OLED_Init                                0x08000b7d   Thumb Code   322  oled.o(i.OLED_Init)
    OLED_Refresh                             0x08000cc9   Thumb Code    70  oled.o(i.OLED_Refresh)
    OLED_ShowChar                            0x08000d15   Thumb Code   300  oled.o(i.OLED_ShowChar)
    OLED_ShowString                          0x08000e51   Thumb Code    74  oled.o(i.OLED_ShowString)
    OLED_WR_Byte                             0x08000e9b   Thumb Code    56  oled.o(i.OLED_WR_Byte)
    PendSV_Handler                           0x08000ed3   Thumb Code     2  stm32f10x_it.o(i.PendSV_Handler)
    RCC_APB2PeriphClockCmd                   0x08000ed5   Thumb Code    26  stm32f10x_rcc.o(i.RCC_APB2PeriphClockCmd)
    SVC_Handler                              0x08000ef5   Thumb Code     2  stm32f10x_it.o(i.SVC_Handler)
    Send_Byte                                0x08000ef9   Thumb Code    70  oled.o(i.Send_Byte)
    SysTick_Handler                          0x0800102d   Thumb Code    12  delay.o(i.SysTick_Handler)
    SystemInit                               0x0800103d   Thumb Code    78  system_stm32f10x.o(i.SystemInit)
    UsageFault_Handler                       0x0800109d   Thumb Code     4  stm32f10x_it.o(i.UsageFault_Handler)
    sleep_proc()                             0x080010a1   Thumb Code   558  pages.o(i._Z10sleep_procv)
    U8G2::getStrWidth(const char*)           0x0800135b   Thumb Code    14  pages.o(i._ZN4U8G211getStrWidthEPKc)
    U8G2::setDrawColor(unsigned char)        0x08001369   Thumb Code    14  pages.o(i._ZN4U8G212setDrawColorEh)
    U8G2::setPowerSave(unsigned char)        0x08001377   Thumb Code    14  pages.o(i._ZN4U8G212setPowerSaveEh)
    U8G2::setFontDirection(unsigned char)    0x08001385   Thumb Code    14  pages.o(i._ZN4U8G216setFontDirectionEh)
    U8G2::print(const char*)                 0x08001393   Thumb Code    14  pages.o(i._ZN4U8G25printEPKc)
    U8G2::drawBox(short, short, short, short) 0x080013a1   Thumb Code    30  pages.o(i._ZN4U8G27drawBoxEssss)
    U8G2::drawStr(short, short, const char*) 0x080013bf   Thumb Code    26  pages.o(i._ZN4U8G27drawStrEssPKc)
    U8G2::setFont(const unsigned char*)      0x080013d9   Thumb Code    14  pages.o(i._ZN4U8G27setFontEPKh)
    U8G2::drawRBox(short, short, short, short, short) 0x080013e7   Thumb Code    36  pages.o(i._ZN4U8G28drawRBoxEsssss)
    U8G2::drawXBMP(short, short, short, short, const unsigned char*) 0x0800140b   Thumb Code    36  pages.o(i._ZN4U8G28drawXBMPEssssPKh)
    U8G2::drawFrame(short, short, short, short) 0x0800142f   Thumb Code    30  pages.o(i._ZN4U8G29drawFrameEssss)
    U8G2::drawHLine(short, short, short)     0x0800144d   Thumb Code    26  pages.o(i._ZN4U8G29drawHLineEsss)
    U8G2::setCursor(short, short)            0x08001467   Thumb Code    18  pages.o(i._ZN4U8G29setCursorEss)
    std::pow(float, int)                     0x08001479   Thumb Code    24  pages.o(i._ZSt3powfi)
    std::ceil(float)                         0x08001491   Thumb Code    12  pages.o(i._ZSt4ceilf)
    __ARM_fpclassifyf                        0x0800149d   Thumb Code    38  fpclassifyf.o(i.__ARM_fpclassifyf)
    __mathlib_flt_divzero                    0x080014c3   Thumb Code    10  funder.o(i.__mathlib_flt_divzero)
    __mathlib_flt_infnan                     0x080014cd   Thumb Code     6  funder.o(i.__mathlib_flt_infnan)
    __mathlib_flt_infnan2                    0x080014d3   Thumb Code     4  funder.o(i.__mathlib_flt_infnan2)
    __mathlib_flt_invalid                    0x080014d7   Thumb Code     8  funder.o(i.__mathlib_flt_invalid)
    __mathlib_flt_overflow                   0x080014df   Thumb Code    10  funder.o(i.__mathlib_flt_overflow)
    __mathlib_flt_underflow                  0x080014e9   Thumb Code    10  funder.o(i.__mathlib_flt_underflow)
    __mathlib_rredf2                         0x080014f5   Thumb Code   344  rredf.o(i.__mathlib_rredf2)
    _is_digit                                0x0800165d   Thumb Code    14  __printf_wp.o(i._is_digit)
    about_param_init                         0x0800166d   Thumb Code    14  pages.o(i.about_param_init)
    about_proc                               0x08001681   Thumb Code    54  pages.o(i.about_proc)
    about_show                               0x080016c1   Thumb Code   292  pages.o(i.about_show)
    animation                                0x080017fd   Thumb Code   106  animation.o(i.animation)
    btn_init                                 0x08001875   Thumb Code    34  knob.o(i.btn_init)
    btn_scan                                 0x0800189d   Thumb Code   126  knob.o(i.btn_scan)
    __mathlib_ceilf                          0x08001935   Thumb Code     0  ceilf.o(i.ceilf)
    ceilf                                    0x08001935   Thumb Code   110  ceilf.o(i.ceilf)
    check_box_m_init                         0x080019ad   Thumb Code    28  pages.o(i.check_box_m_init)
    check_box_m_select                       0x080019cd   Thumb Code    28  pages.o(i.check_box_m_select)
    check_box_s_init                         0x080019f1   Thumb Code     8  pages.o(i.check_box_s_init)
    check_box_s_select                       0x080019fd   Thumb Code    20  pages.o(i.check_box_s_select)
    check_box_v_init                         0x08001a19   Thumb Code    28  pages.o(i.check_box_v_init)
    delay_init                               0x08001a39   Thumb Code    84  delay.o(i.delay_init)
    delay_ms                                 0x08001a95   Thumb Code    24  delay.o(i.delay_ms)
    editor_proc                              0x08001aad   Thumb Code   142  pages.o(i.editor_proc)
    eeprom_init                              0x08001b75   Thumb Code   130  eeprom_manager.o(i.eeprom_init)
    eeprom_read_all_data                     0x08001c09   Thumb Code    80  eeprom_manager.o(i.eeprom_read_all_data)
    eeprom_write_all_data                    0x08001c69   Thumb Code   118  eeprom_manager.o(i.eeprom_write_all_data)
    fade                                     0x08001cf1   Thumb Code   482  animation.o(i.fade)
    fade_sleep                               0x08001ee1   Thumb Code   252  animation.o(i.fade_sleep)
    fade_wake                                0x08002015   Thumb Code   298  animation.o(i.fade_wake)
    knob_init                                0x0800216d   Thumb Code    62  knob.o(i.knob_init)
    knob_inter                               0x080021b1   Thumb Code   132  knob.o(i.knob_inter)
    knob_param_init                          0x08002245   Thumb Code    10  pages.o(i.knob_param_init)
    knob_proc                                0x08002255   Thumb Code   160  pages.o(i.knob_proc)
    kpf_param_init                           0x08002305   Thumb Code    12  pages.o(i.kpf_param_init)
    kpf_proc                                 0x08002315   Thumb Code  1652  pages.o(i.kpf_proc)
    krf_param_init                           0x0800298d   Thumb Code    12  pages.o(i.krf_param_init)
    krf_proc                                 0x0800299d   Thumb Code   176  pages.o(i.krf_proc)
    layer_init_in                            0x08002a59   Thumb Code   152  pages.o(i.layer_init_in)
    layer_init_out                           0x08002af9   Thumb Code   108  pages.o(i.layer_init_out)
    list_draw_check_box_dot                  0x08002b6d   Thumb Code    42  pages.o(i.list_draw_check_box_dot)
    list_draw_check_box_frame                0x08002ba1   Thumb Code    58  pages.o(i.list_draw_check_box_frame)
    list_draw_kpf                            0x08002be1   Thumb Code    72  pages.o(i.list_draw_kpf)
    list_draw_krf                            0x08002c39   Thumb Code    58  pages.o(i.list_draw_krf)
    list_draw_text_and_check_box             0x08002c89   Thumb Code   188  pages.o(i.list_draw_text_and_check_box)
    list_draw_value                          0x08002d51   Thumb Code    68  pages.o(i.list_draw_value)
    list_rotate_switch                       0x08002da1   Thumb Code   562  pages.o(i.list_rotate_switch)
    list_show                                0x08002fe5   Thumb Code   884  pages.o(i.list_show)
    main                                     0x08003371   Thumb Code    86  main.o(i.main)
    main_proc                                0x080033dd   Thumb Code   180  pages.o(i.main_proc)
    millis                                   0x080034a9   Thumb Code    14  delay.o(i.millis)
    __mathlib_powf                           0x080034bd   Thumb Code     0  powf.o(i.powf)
    powf                                     0x080034bd   Thumb Code  1548  powf.o(i.powf)
    setting_param_init                       0x08003b99   Thumb Code   162  pages.o(i.setting_param_init)
    setting_proc                             0x08003c69   Thumb Code   590  pages.o(i.setting_proc)
    sinf                                     0x08003f45   Thumb Code   338  sinf.o(i.sinf)
    sleep_param_init                         0x080040cd   Thumb Code    28  pages.o(i.sleep_param_init)
    tile_param_init                          0x080040f1   Thumb Code    48  pages.o(i.tile_param_init)
    tile_rotate_switch                       0x08004135   Thumb Code   274  pages.o(i.tile_rotate_switch)
    tile_show                                0x08004259   Thumb Code   630  pages.o(i.tile_show)
    u8g2_Begin                               0x080044e9   Thumb Code    32  u8g2_adapter.o(i.u8g2_Begin)
    u8g2_ClearBuffer                         0x0800450d   Thumb Code    14  u8g2_adapter.o(i.u8g2_ClearBuffer)
    u8g2_DrawBox                             0x08004521   Thumb Code    56  u8g2_adapter.o(i.u8g2_DrawBox)
    u8g2_DrawFrame                           0x08004559   Thumb Code   108  u8g2_adapter.o(i.u8g2_DrawFrame)
    u8g2_DrawHLine                           0x080045c5   Thumb Code    36  u8g2_adapter.o(i.u8g2_DrawHLine)
    u8g2_DrawLine                            0x080045e9   Thumb Code    38  u8g2_adapter.o(i.u8g2_DrawLine)
    u8g2_DrawRBox                            0x08004615   Thumb Code   274  u8g2_adapter.o(i.u8g2_DrawRBox)
    u8g2_DrawRFrame                          0x08004727   Thumb Code   324  u8g2_adapter.o(i.u8g2_DrawRFrame)
    u8g2_DrawStr                             0x0800486d   Thumb Code    52  u8g2_adapter.o(i.u8g2_DrawStr)
    u8g2_DrawVLine                           0x080048a5   Thumb Code    36  u8g2_adapter.o(i.u8g2_DrawVLine)
    u8g2_DrawXBMP                            0x080048c9   Thumb Code   114  u8g2_adapter.o(i.u8g2_DrawXBMP)
    u8g2_GetStrWidth                         0x0800493d   Thumb Code    58  u8g2_adapter.o(i.u8g2_GetStrWidth)
    u8g2_Print                               0x0800497d   Thumb Code    32  u8g2_adapter.o(i.u8g2_Print)
    u8g2_PrintFloat                          0x080049a5   Thumb Code   116  u8g2_adapter.o(i.u8g2_PrintFloat)
    u8g2_PrintStr                            0x08004a29   Thumb Code    40  u8g2_adapter.o(i.u8g2_PrintStr)
    u8g2_SendBuffer                          0x08004a55   Thumb Code     8  u8g2_adapter.o(i.u8g2_SendBuffer)
    u8g2_SetClipWindow                       0x08004a5d   Thumb Code    32  u8g2_adapter.o(i.u8g2_SetClipWindow)
    u8g2_SetContrast                         0x08004a81   Thumb Code    22  u8g2_adapter.o(i.u8g2_SetContrast)
    u8g2_SetCursor                           0x08004a99   Thumb Code     8  u8g2_adapter.o(i.u8g2_SetCursor)
    u8g2_SetDrawColor                        0x08004aa5   Thumb Code     6  u8g2_adapter.o(i.u8g2_SetDrawColor)
    u8g2_SetFont                             0x08004ab1   Thumb Code    22  u8g2_adapter.o(i.u8g2_SetFont)
    u8g2_SetFontDirection                    0x08004ad1   Thumb Code     6  u8g2_adapter.o(i.u8g2_SetFontDirection)
    u8g2_SetMaxClipWindow                    0x08004add   Thumb Code    18  u8g2_adapter.o(i.u8g2_SetMaxClipWindow)
    u8g2_SetPowerSave                        0x08004af5   Thumb Code    26  u8g2_adapter.o(i.u8g2_SetPowerSave)
    ui_init                                  0x08004b11   Thumb Code    36  ui_state.o(i.ui_init)
    ui_param_init                            0x08004b39   Thumb Code   108  ui_state.o(i.ui_param_init)
    ui_proc                                  0x08004ba9   Thumb Code   918  pages.o(i.ui_proc)
    volt_param_init                          0x08004f6d   Thumb Code    14  pages.o(i.volt_param_init)
    volt_proc                                0x08004f81   Thumb Code    68  pages.o(i.volt_proc)
    volt_show                                0x08004fcd   Thumb Code   768  pages.o(i.volt_show)
    window_message_init                      0x080052f5   Thumb Code   308  window.o(i.window_message_init)
    window_param_init                        0x0800543d   Thumb Code    72  window.o(i.window_param_init)
    window_proc                              0x0800549d   Thumb Code   270  window.o(i.window_proc)
    window_show                              0x080055c1   Thumb Code   954  window.o(i.window_show)
    window_value_init                        0x080059b1   Thumb Code    80  window.o(i.window_value_init)
    __fpl_dcmp_Inf                           0x08005a09   Thumb Code    24  dcmpi.o(x$fpl$dcmpinf)
    __aeabi_cdcmple                          0x08005a21   Thumb Code     0  dleqf.o(x$fpl$dleqf)
    _dcmple                                  0x08005a21   Thumb Code   120  dleqf.o(x$fpl$dleqf)
    __fpl_dcmple_InfNaN                      0x08005a83   Thumb Code     0  dleqf.o(x$fpl$dleqf)
    __fpl_dnaninf                            0x08005a99   Thumb Code   156  dnaninf.o(x$fpl$dnaninf)
    __fpl_dretinf                            0x08005b35   Thumb Code    12  dretinf.o(x$fpl$dretinf)
    __aeabi_f2d                              0x08005b41   Thumb Code     0  f2d.o(x$fpl$f2d)
    _f2d                                     0x08005b41   Thumb Code    86  f2d.o(x$fpl$f2d)
    __aeabi_fadd                             0x08005b99   Thumb Code     0  faddsub_clz.o(x$fpl$fadd)
    _fadd                                    0x08005b99   Thumb Code   196  faddsub_clz.o(x$fpl$fadd)
    __fpl_fcheck_NaN1                        0x08005c5d   Thumb Code     6  fcheck1.o(x$fpl$fcheck1)
    __fpl_fcmp_Inf                           0x08005c69   Thumb Code    24  fcmpi.o(x$fpl$fcmpinf)
    __aeabi_fdiv                             0x08005c81   Thumb Code     0  fdiv.o(x$fpl$fdiv)
    _fdiv                                    0x08005c81   Thumb Code   384  fdiv.o(x$fpl$fdiv)
    __aeabi_cfcmpeq                          0x08005e05   Thumb Code     0  feqf.o(x$fpl$feqf)
    _fcmpeq                                  0x08005e05   Thumb Code   104  feqf.o(x$fpl$feqf)
    __aeabi_f2iz                             0x08005e6d   Thumb Code     0  ffix.o(x$fpl$ffix)
    _ffix                                    0x08005e6d   Thumb Code    54  ffix.o(x$fpl$ffix)
    _ffix_r                                  0x08005ea5   Thumb Code    82  ffix.o(x$fpl$ffixr)
    __aeabi_f2uiz                            0x08005ef9   Thumb Code     0  ffixu.o(x$fpl$ffixu)
    _ffixu                                   0x08005ef9   Thumb Code    62  ffixu.o(x$fpl$ffixu)
    __aeabi_i2f                              0x08005f39   Thumb Code     0  fflt_clz.o(x$fpl$fflt)
    _fflt                                    0x08005f39   Thumb Code    48  fflt_clz.o(x$fpl$fflt)
    __aeabi_ui2f                             0x08005f69   Thumb Code     0  fflt_clz.o(x$fpl$ffltu)
    _ffltu                                   0x08005f69   Thumb Code    38  fflt_clz.o(x$fpl$ffltu)
    __aeabi_cfcmple                          0x08005f91   Thumb Code     0  fleqf.o(x$fpl$fleqf)
    _fcmple                                  0x08005f91   Thumb Code   104  fleqf.o(x$fpl$fleqf)
    __fpl_fcmple_InfNaN                      0x08005fe3   Thumb Code     0  fleqf.o(x$fpl$fleqf)
    __aeabi_fmul                             0x08005ff9   Thumb Code     0  fmul.o(x$fpl$fmul)
    _fmul                                    0x08005ff9   Thumb Code   258  fmul.o(x$fpl$fmul)
    __fpl_fnaninf                            0x080060fb   Thumb Code   140  fnaninf.o(x$fpl$fnaninf)
    __fpl_fretinf                            0x08006187   Thumb Code    10  fretinf.o(x$fpl$fretinf)
    __aeabi_cfrcmple                         0x08006191   Thumb Code     0  frleqf.o(x$fpl$frleqf)
    _frcmple                                 0x08006191   Thumb Code    98  frleqf.o(x$fpl$frleqf)
    _frnd                                    0x080061f5   Thumb Code    96  frnd.o(x$fpl$frnd)
    __aeabi_frsub                            0x08006255   Thumb Code     0  faddsub_clz.o(x$fpl$frsb)
    _frsb                                    0x08006255   Thumb Code    20  faddsub_clz.o(x$fpl$frsb)
    __aeabi_fsub                             0x08006269   Thumb Code     0  faddsub_clz.o(x$fpl$fsub)
    _fsub                                    0x08006269   Thumb Code   234  faddsub_clz.o(x$fpl$fsub)
    __fpl_return_NaN                         0x08006353   Thumb Code   100  retnan.o(x$fpl$retnan)
    __ARM_scalbnf                            0x080063b7   Thumb Code    76  scalbnf.o(x$fpl$scalbnf)
    __fpl_cmpreturn                          0x08006403   Thumb Code    48  trapv.o(x$fpl$trapveneer)
    __I$use$fp                               0x08006432   Number         0  usenofp.o(x$fpl$usenofp)
    asc2_0806                                0x08006432   Data         552  oled.o(.constdata)
    asc2_1206                                0x0800665a   Data        1140  oled.o(.constdata)
    asc2_1608                                0x08006ace   Data        1520  oled.o(.constdata)
    asc2_2412                                0x080070be   Data        3420  oled.o(.constdata)
    Hzk1                                     0x08007e1a   Data         352  oled.o(.constdata)
    Hzk2                                     0x08007f7a   Data          72  oled.o(.constdata)
    Hzk3                                     0x08007fc2   Data         128  oled.o(.constdata)
    Hzk4                                     0x08008042   Data         512  oled.o(.constdata)
    u8g2_font_helvB24_tr                     0x08008242   Data           1  u8g2_adapter.o(.constdata)
    u8g2_font_HelvetiPixel_tr                0x08008243   Data           1  u8g2_adapter.o(.constdata)
    main_icon_pic                            0x0800825c   Data        1152  menu_data.o(.constdata)
    Region$$Table$$Base                      0x08008878   Number         0  anon$$obj.o(Region$$Table)
    Region$$Table$$Limit                     0x08008898   Number         0  anon$$obj.o(Region$$Table)
    u8g2_state                               0x20000000   Data          16  u8g2_adapter.o(.data)
    buf_ptr                                  0x20000010   Data           4  u8g2_adapter.o(.data)
    buf_len                                  0x20000014   Data           2  u8g2_adapter.o(.data)
    u8g2                                     0x20000016   Data           1  u8g2_global.o(.data)
    analog_pin                               0x20000018   Data          10  pages.o(.data)
    knob                                     0x2000003c   Data           4  ui_state.o(.data)
    main_menu                                0x20000044   Data         128  menu_data.o(.data)
    main_menu_exp                            0x200000c4   Data         128  menu_data.o(.data)
    editor_menu                              0x20000144   Data         384  menu_data.o(.data)
    knob_menu                                0x200002c4   Data          96  menu_data.o(.data)
    krf_menu                                 0x20000324   Data         224  menu_data.o(.data)
    kpf_menu                                 0x20000404   Data        2624  menu_data.o(.data)
    volt_menu                                0x20000e44   Data         320  menu_data.o(.data)
    setting_menu                             0x20000f84   Data         672  menu_data.o(.data)
    about_menu                               0x20001224   Data         256  menu_data.o(.data)
    SystemCoreClock                          0x20001338   Data           4  system_stm32f10x.o(.data)
    AHBPrescTable                            0x2000133c   Data          16  system_stm32f10x.o(.data)
    OLED_GRAM                                0x20001350   Data        2048  oled.o(.bss)
    ui                                       0x20001b50   Data         156  ui_state.o(.bss)
    tile                                     0x20001bec   Data          88  ui_state.o(.bss)
    list                                     0x20001c44   Data         152  ui_state.o(.bss)
    volt                                     0x20001cdc   Data         536  ui_state.o(.bss)
    check_box                                0x20001ef4   Data         316  ui_state.o(.bss)
    win                                      0x20002030   Data         220  ui_state.o(.bss)
    spot                                     0x2000210c   Data          16  ui_state.o(.bss)
    about                                    0x2000211c   Data          12  ui_state.o(.bss)
    btn                                      0x20002128   Data          28  knob.o(.bss)
    eeprom                                   0x20002144   Data          16  eeprom_manager.o(.bss)
    __libspace_start                         0x20002254   Data          96  libspace.o(.bss)
    __temporary_stack_top$libspace           0x200022b4   Data           0  libspace.o(.bss)



==============================================================================

Memory Map of the image

  Image Entry point : 0x080000ed

  Load Region LR_IROM1 (Base: 0x08000000, Size: 0x00009be8, Max: 0x00010000, ABSOLUTE, COMPRESSED[0x00008cd4])

    Execution Region ER_IROM1 (Exec base: 0x08000000, Load base: 0x08000000, Size: 0x00008898, Max: 0x00010000, ABSOLUTE)

    Exec Addr    Load Addr    Size         Type   Attr      Idx    E Section Name        Object

    0x08000000   0x08000000   0x000000ec   Data   RO           19    RESET               startup_stm32f10x_md.o
    0x080000ec   0x080000ec   0x00000008   Code   RO         2573  * !!!main             c_w.l(__main.o)
    0x080000f4   0x080000f4   0x00000034   Code   RO         2858    !!!scatter          c_w.l(__scatter.o)
    0x08000128   0x08000128   0x0000005a   Code   RO         2856    !!dczerorl2         c_w.l(__dczerorl2.o)
    0x08000182   0x08000182   0x00000002   PAD
    0x08000184   0x08000184   0x0000001c   Code   RO         2860    !!handler_zi        c_w.l(__scatter_zi.o)
    0x080001a0   0x080001a0   0x00000000   Code   RO         2559    .ARM.Collect$$_printf_percent$$00000000  c_w.l(_printf_percent.o)
    0x080001a0   0x080001a0   0x00000006   Code   RO         2557    .ARM.Collect$$_printf_percent$$00000009  c_w.l(_printf_d.o)
    0x080001a6   0x080001a6   0x00000006   Code   RO         2558    .ARM.Collect$$_printf_percent$$0000000A  c_w.l(_printf_u.o)
    0x080001ac   0x080001ac   0x00000004   Code   RO         2642    .ARM.Collect$$_printf_percent$$00000017  c_w.l(_printf_percent_end.o)
    0x080001b0   0x080001b0   0x00000002   Code   RO         2725    .ARM.Collect$$libinit$$00000000  c_w.l(libinit.o)
    0x080001b2   0x080001b2   0x00000000   Code   RO         2731    .ARM.Collect$$libinit$$00000002  c_w.l(libinit2.o)
    0x080001b2   0x080001b2   0x00000000   Code   RO         2733    .ARM.Collect$$libinit$$00000004  c_w.l(libinit2.o)
    0x080001b2   0x080001b2   0x00000000   Code   RO         2736    .ARM.Collect$$libinit$$0000000A  c_w.l(libinit2.o)
    0x080001b2   0x080001b2   0x00000000   Code   RO         2738    .ARM.Collect$$libinit$$0000000C  c_w.l(libinit2.o)
    0x080001b2   0x080001b2   0x00000000   Code   RO         2740    .ARM.Collect$$libinit$$0000000E  c_w.l(libinit2.o)
    0x080001b2   0x080001b2   0x00000000   Code   RO         2743    .ARM.Collect$$libinit$$00000011  c_w.l(libinit2.o)
    0x080001b2   0x080001b2   0x00000000   Code   RO         2745    .ARM.Collect$$libinit$$00000013  c_w.l(libinit2.o)
    0x080001b2   0x080001b2   0x00000000   Code   RO         2747    .ARM.Collect$$libinit$$00000015  c_w.l(libinit2.o)
    0x080001b2   0x080001b2   0x00000000   Code   RO         2749    .ARM.Collect$$libinit$$00000017  c_w.l(libinit2.o)
    0x080001b2   0x080001b2   0x00000000   Code   RO         2751    .ARM.Collect$$libinit$$00000019  c_w.l(libinit2.o)
    0x080001b2   0x080001b2   0x00000000   Code   RO         2753    .ARM.Collect$$libinit$$0000001B  c_w.l(libinit2.o)
    0x080001b2   0x080001b2   0x00000000   Code   RO         2755    .ARM.Collect$$libinit$$0000001D  c_w.l(libinit2.o)
    0x080001b2   0x080001b2   0x00000000   Code   RO         2757    .ARM.Collect$$libinit$$0000001F  c_w.l(libinit2.o)
    0x080001b2   0x080001b2   0x00000000   Code   RO         2759    .ARM.Collect$$libinit$$00000021  c_w.l(libinit2.o)
    0x080001b2   0x080001b2   0x00000000   Code   RO         2761    .ARM.Collect$$libinit$$00000023  c_w.l(libinit2.o)
    0x080001b2   0x080001b2   0x00000000   Code   RO         2763    .ARM.Collect$$libinit$$00000025  c_w.l(libinit2.o)
    0x080001b2   0x080001b2   0x00000000   Code   RO         2767    .ARM.Collect$$libinit$$0000002C  c_w.l(libinit2.o)
    0x080001b2   0x080001b2   0x00000000   Code   RO         2769    .ARM.Collect$$libinit$$0000002E  c_w.l(libinit2.o)
    0x080001b2   0x080001b2   0x00000000   Code   RO         2771    .ARM.Collect$$libinit$$00000030  c_w.l(libinit2.o)
    0x080001b2   0x080001b2   0x00000000   Code   RO         2773    .ARM.Collect$$libinit$$00000032  c_w.l(libinit2.o)
    0x080001b2   0x080001b2   0x00000002   Code   RO         2774    .ARM.Collect$$libinit$$00000033  c_w.l(libinit2.o)
    0x080001b4   0x080001b4   0x00000002   Code   RO         2796    .ARM.Collect$$libshutdown$$00000000  c_w.l(libshutdown.o)
    0x080001b6   0x080001b6   0x00000000   Code   RO         2809    .ARM.Collect$$libshutdown$$00000002  c_w.l(libshutdown2.o)
    0x080001b6   0x080001b6   0x00000000   Code   RO         2811    .ARM.Collect$$libshutdown$$00000004  c_w.l(libshutdown2.o)
    0x080001b6   0x080001b6   0x00000000   Code   RO         2814    .ARM.Collect$$libshutdown$$00000007  c_w.l(libshutdown2.o)
    0x080001b6   0x080001b6   0x00000000   Code   RO         2817    .ARM.Collect$$libshutdown$$0000000A  c_w.l(libshutdown2.o)
    0x080001b6   0x080001b6   0x00000000   Code   RO         2819    .ARM.Collect$$libshutdown$$0000000C  c_w.l(libshutdown2.o)
    0x080001b6   0x080001b6   0x00000000   Code   RO         2822    .ARM.Collect$$libshutdown$$0000000F  c_w.l(libshutdown2.o)
    0x080001b6   0x080001b6   0x00000002   Code   RO         2823    .ARM.Collect$$libshutdown$$00000010  c_w.l(libshutdown2.o)
    0x080001b8   0x080001b8   0x00000000   Code   RO         2633    .ARM.Collect$$rtentry$$00000000  c_w.l(__rtentry.o)
    0x080001b8   0x080001b8   0x00000000   Code   RO         2686    .ARM.Collect$$rtentry$$00000002  c_w.l(__rtentry2.o)
    0x080001b8   0x080001b8   0x00000006   Code   RO         2698    .ARM.Collect$$rtentry$$00000004  c_w.l(__rtentry4.o)
    0x080001be   0x080001be   0x00000000   Code   RO         2688    .ARM.Collect$$rtentry$$00000009  c_w.l(__rtentry2.o)
    0x080001be   0x080001be   0x00000004   Code   RO         2689    .ARM.Collect$$rtentry$$0000000A  c_w.l(__rtentry2.o)
    0x080001c2   0x080001c2   0x00000000   Code   RO         2691    .ARM.Collect$$rtentry$$0000000C  c_w.l(__rtentry2.o)
    0x080001c2   0x080001c2   0x00000008   Code   RO         2692    .ARM.Collect$$rtentry$$0000000D  c_w.l(__rtentry2.o)
    0x080001ca   0x080001ca   0x00000002   Code   RO         2728    .ARM.Collect$$rtexit$$00000000  c_w.l(rtexit.o)
    0x080001cc   0x080001cc   0x00000000   Code   RO         2778    .ARM.Collect$$rtexit$$00000002  c_w.l(rtexit2.o)
    0x080001cc   0x080001cc   0x00000004   Code   RO         2779    .ARM.Collect$$rtexit$$00000003  c_w.l(rtexit2.o)
    0x080001d0   0x080001d0   0x00000006   Code   RO         2780    .ARM.Collect$$rtexit$$00000004  c_w.l(rtexit2.o)
    0x080001d6   0x080001d6   0x00000002   PAD
    0x080001d8   0x080001d8   0x00000040   Code   RO           20    .text               startup_stm32f10x_md.o
    0x08000218   0x08000218   0x00000028   Code   RO         2529    .text               c_w.l(noretval__2sprintf.o)
    0x08000240   0x08000240   0x0000004e   Code   RO         2533    .text               c_w.l(_printf_pad.o)
    0x0800028e   0x0800028e   0x00000002   PAD
    0x08000290   0x08000290   0x00000078   Code   RO         2535    .text               c_w.l(_printf_dec.o)
    0x08000308   0x08000308   0x00000188   Code   RO         2554    .text               c_w.l(__printf_flags_ss_wp.o)
    0x08000490   0x08000490   0x0000000c   Code   RO         2560    .text               c_w.l(strtok.o)
    0x0800049c   0x0800049c   0x00000048   Code   RO         2563    .text               c_w.l(strcpy.o)
    0x080004e4   0x080004e4   0x00000044   Code   RO         2567    .text               c_w.l(rt_memclr.o)
    0x08000528   0x08000528   0x00000080   Code   RO         2569    .text               c_w.l(strcmpv7m.o)
    0x080005a8   0x080005a8   0x00000006   Code   RO         2571    .text               c_w.l(heapauxi.o)
    0x080005ae   0x080005ae   0x00000016   Code   RO         2634    .text               c_w.l(_rserrno.o)
    0x080005c4   0x080005c4   0x000000b2   Code   RO         2636    .text               c_w.l(_printf_intcommon.o)
    0x08000676   0x08000676   0x00000002   PAD
    0x08000678   0x08000678   0x00000030   Code   RO         2638    .text               c_w.l(_printf_char_common.o)
    0x080006a8   0x080006a8   0x0000000a   Code   RO         2640    .text               c_w.l(_sputc.o)
    0x080006b2   0x080006b2   0x00000002   PAD
    0x080006b4   0x080006b4   0x00000044   Code   RO         2643    .text               c_w.l(strtok_int.o)
    0x080006f8   0x080006f8   0x0000004e   Code   RO         2645    .text               c_w.l(rt_memclr_w.o)
    0x08000746   0x08000746   0x00000002   PAD
    0x08000748   0x08000748   0x00000008   Code   RO         2703    .text               c_w.l(rt_errno_addr_intlibspace.o)
    0x08000750   0x08000750   0x00000020   Code   RO         2707    .text               c_w.l(strcspn.o)
    0x08000770   0x08000770   0x0000001c   Code   RO         2709    .text               c_w.l(strspn.o)
    0x0800078c   0x0800078c   0x00000008   Code   RO         2713    .text               c_w.l(libspace.o)
    0x08000794   0x08000794   0x0000004a   Code   RO         2716    .text               c_w.l(sys_stackheap_outer.o)
    0x080007de   0x080007de   0x00000012   Code   RO         2718    .text               c_w.l(exit.o)
    0x080007f0   0x080007f0   0x0000000c   Code   RO         2788    .text               c_w.l(sys_exit.o)
    0x080007fc   0x080007fc   0x00000002   Code   RO         2799    .text               c_w.l(use_no_semi.o)
    0x080007fe   0x080007fe   0x00000000   Code   RO         2801    .text               c_w.l(indicate_semi.o)
    0x080007fe   0x080007fe   0x00000004   Code   RO         2402    i.BusFault_Handler  stm32f10x_it.o
    0x08000802   0x08000802   0x00000002   Code   RO         2403    i.DebugMon_Handler  stm32f10x_it.o
    0x08000804   0x08000804   0x00000116   Code   RO         1283    i.GPIO_Init         stm32f10x_gpio.o
    0x0800091a   0x0800091a   0x00000004   Code   RO         1290    i.GPIO_ResetBits    stm32f10x_gpio.o
    0x0800091e   0x0800091e   0x00000004   Code   RO         1291    i.GPIO_SetBits      stm32f10x_gpio.o
    0x08000922   0x08000922   0x00000004   Code   RO         2404    i.HardFault_Handler  stm32f10x_it.o
    0x08000926   0x08000926   0x00000002   PAD
    0x08000928   0x08000928   0x00000034   Code   RO           24    i.I2C_Start         oled.o
    0x0800095c   0x0800095c   0x00000024   Code   RO           25    i.I2C_Stop          oled.o
    0x08000980   0x08000980   0x0000002c   Code   RO           26    i.I2C_WaitAck       oled.o
    0x080009ac   0x080009ac   0x00000010   Code   RO           27    i.IIC_delay         oled.o
    0x080009bc   0x080009bc   0x00000004   Code   RO         2405    i.MemManage_Handler  stm32f10x_it.o
    0x080009c0   0x080009c0   0x00000002   Code   RO         2406    i.NMI_Handler       stm32f10x_it.o
    0x080009c2   0x080009c2   0x00000002   PAD
    0x080009c4   0x080009c4   0x00000028   Code   RO         2343    i.NVIC_SetPriority  delay.o
    0x080009ec   0x080009ec   0x00000030   Code   RO           28    i.OLED_Clear        oled.o
    0x08000a1c   0x08000a1c   0x0000001c   Code   RO           29    i.OLED_ColorTurn    oled.o
    0x08000a38   0x08000a38   0x000000ac   Code   RO           33    i.OLED_DrawLine     oled.o
    0x08000ae4   0x08000ae4   0x00000098   Code   RO           34    i.OLED_DrawPoint    oled.o
    0x08000b7c   0x08000b7c   0x0000014c   Code   RO           35    i.OLED_Init         oled.o
    0x08000cc8   0x08000cc8   0x0000004c   Code   RO           37    i.OLED_Refresh      oled.o
    0x08000d14   0x08000d14   0x0000013c   Code   RO           39    i.OLED_ShowChar     oled.o
    0x08000e50   0x08000e50   0x0000004a   Code   RO           43    i.OLED_ShowString   oled.o
    0x08000e9a   0x08000e9a   0x00000038   Code   RO           44    i.OLED_WR_Byte      oled.o
    0x08000ed2   0x08000ed2   0x00000002   Code   RO         2407    i.PendSV_Handler    stm32f10x_it.o
    0x08000ed4   0x08000ed4   0x00000020   Code   RO         1395    i.RCC_APB2PeriphClockCmd  stm32f10x_rcc.o
    0x08000ef4   0x08000ef4   0x00000002   Code   RO         2408    i.SVC_Handler       stm32f10x_it.o
    0x08000ef6   0x08000ef6   0x00000002   PAD
    0x08000ef8   0x08000ef8   0x0000004c   Code   RO           45    i.Send_Byte         oled.o
    0x08000f44   0x08000f44   0x00000008   Code   RO         2476    i.SetSysClock       system_stm32f10x.o
    0x08000f4c   0x08000f4c   0x000000e0   Code   RO         2477    i.SetSysClockTo72   system_stm32f10x.o
    0x0800102c   0x0800102c   0x00000010   Code   RO         2344    i.SysTick_Handler   delay.o
    0x0800103c   0x0800103c   0x00000060   Code   RO         2479    i.SystemInit        system_stm32f10x.o
    0x0800109c   0x0800109c   0x00000004   Code   RO         2409    i.UsageFault_Handler  stm32f10x_it.o
    0x080010a0   0x080010a0   0x00000254   Code   RO          450    i._Z10sleep_procv   pages.o
    0x080012f4   0x080012f4   0x00000050   Code   RO          451    i._Z13adc_stub_readh  pages.o
    0x08001344   0x08001344   0x00000016   Code   RO          452    i._Z3maplllll       pages.o
    0x0800135a   0x0800135a   0x0000000e   Code   RO          765    i._ZN4U8G211getStrWidthEPKc  pages.o
    0x08001368   0x08001368   0x0000000e   Code   RO          753    i._ZN4U8G212setDrawColorEh  pages.o
    0x08001376   0x08001376   0x0000000e   Code   RO          813    i._ZN4U8G212setPowerSaveEh  pages.o
    0x08001384   0x08001384   0x0000000e   Code   RO          777    i._ZN4U8G216setFontDirectionEh  pages.o
    0x08001392   0x08001392   0x0000000e   Code   RO          729    i._ZN4U8G25printEPKc  pages.o
    0x080013a0   0x080013a0   0x0000001e   Code   RO          735    i._ZN4U8G27drawBoxEssss  pages.o
    0x080013be   0x080013be   0x0000001a   Code   RO          747    i._ZN4U8G27drawStrEssPKc  pages.o
    0x080013d8   0x080013d8   0x0000000e   Code   RO          771    i._ZN4U8G27setFontEPKh  pages.o
    0x080013e6   0x080013e6   0x00000024   Code   RO          783    i._ZN4U8G28drawRBoxEsssss  pages.o
    0x0800140a   0x0800140a   0x00000024   Code   RO          759    i._ZN4U8G28drawXBMPEssssPKh  pages.o
    0x0800142e   0x0800142e   0x0000001e   Code   RO          807    i._ZN4U8G29drawFrameEssss  pages.o
    0x0800144c   0x0800144c   0x0000001a   Code   RO          801    i._ZN4U8G29drawHLineEsss  pages.o
    0x08001466   0x08001466   0x00000012   Code   RO          741    i._ZN4U8G29setCursorEss  pages.o
    0x08001478   0x08001478   0x00000018   Code   RO          789    i._ZSt3powfi        pages.o
    0x08001490   0x08001490   0x0000000c   Code   RO          795    i._ZSt4ceilf        pages.o
    0x0800149c   0x0800149c   0x00000026   Code   RO         2666    i.__ARM_fpclassifyf  m_ws.l(fpclassifyf.o)
    0x080014c2   0x080014c2   0x0000000a   Code   RO         2668    i.__mathlib_flt_divzero  m_ws.l(funder.o)
    0x080014cc   0x080014cc   0x00000006   Code   RO         2669    i.__mathlib_flt_infnan  m_ws.l(funder.o)
    0x080014d2   0x080014d2   0x00000004   Code   RO         2670    i.__mathlib_flt_infnan2  m_ws.l(funder.o)
    0x080014d6   0x080014d6   0x00000008   Code   RO         2671    i.__mathlib_flt_invalid  m_ws.l(funder.o)
    0x080014de   0x080014de   0x0000000a   Code   RO         2672    i.__mathlib_flt_overflow  m_ws.l(funder.o)
    0x080014e8   0x080014e8   0x0000000a   Code   RO         2674    i.__mathlib_flt_underflow  m_ws.l(funder.o)
    0x080014f2   0x080014f2   0x00000002   PAD
    0x080014f4   0x080014f4   0x00000168   Code   RO         2682    i.__mathlib_rredf2  m_ws.l(rredf.o)
    0x0800165c   0x0800165c   0x0000000e   Code   RO         2547    i._is_digit         c_w.l(__printf_wp.o)
    0x0800166a   0x0800166a   0x00000002   PAD
    0x0800166c   0x0800166c   0x00000014   Code   RO          453    i.about_param_init  pages.o
    0x08001680   0x08001680   0x00000040   Code   RO          454    i.about_proc        pages.o
    0x080016c0   0x080016c0   0x0000013c   Code   RO          455    i.about_show        pages.o
    0x080017fc   0x080017fc   0x00000078   Code   RO         1058    i.animation         animation.o
    0x08001874   0x08001874   0x00000028   Code   RO         1121    i.btn_init          knob.o
    0x0800189c   0x0800189c   0x00000098   Code   RO         1122    i.btn_scan          knob.o
    0x08001934   0x08001934   0x00000078   Code   RO         2612    i.ceilf             m_ws.l(ceilf.o)
    0x080019ac   0x080019ac   0x00000020   Code   RO          456    i.check_box_m_init  pages.o
    0x080019cc   0x080019cc   0x00000024   Code   RO          457    i.check_box_m_select  pages.o
    0x080019f0   0x080019f0   0x0000000c   Code   RO          458    i.check_box_s_init  pages.o
    0x080019fc   0x080019fc   0x0000001c   Code   RO          459    i.check_box_s_select  pages.o
    0x08001a18   0x08001a18   0x00000020   Code   RO          460    i.check_box_v_init  pages.o
    0x08001a38   0x08001a38   0x0000005c   Code   RO         2345    i.delay_init        delay.o
    0x08001a94   0x08001a94   0x00000018   Code   RO         2346    i.delay_ms          delay.o
    0x08001aac   0x08001aac   0x000000c8   Code   RO          461    i.editor_proc       pages.o
    0x08001b74   0x08001b74   0x00000094   Code   RO         1209    i.eeprom_init       eeprom_manager.o
    0x08001c08   0x08001c08   0x00000060   Code   RO         1210    i.eeprom_read_all_data  eeprom_manager.o
    0x08001c68   0x08001c68   0x00000088   Code   RO         1211    i.eeprom_write_all_data  eeprom_manager.o
    0x08001cf0   0x08001cf0   0x000001f0   Code   RO         1059    i.fade              animation.o
    0x08001ee0   0x08001ee0   0x00000108   Code   RO         1060    i.fade_sleep        animation.o
    0x08001fe8   0x08001fe8   0x0000002c   Code   RO         1061    i.fade_timer_check  animation.o
    0x08002014   0x08002014   0x00000158   Code   RO         1062    i.fade_wake         animation.o
    0x0800216c   0x0800216c   0x00000044   Code   RO         1123    i.knob_init         knob.o
    0x080021b0   0x080021b0   0x00000094   Code   RO         1124    i.knob_inter        knob.o
    0x08002244   0x08002244   0x00000010   Code   RO          462    i.knob_param_init   pages.o
    0x08002254   0x08002254   0x000000b0   Code   RO          463    i.knob_proc         pages.o
    0x08002304   0x08002304   0x00000010   Code   RO          464    i.kpf_param_init    pages.o
    0x08002314   0x08002314   0x00000678   Code   RO          465    i.kpf_proc          pages.o
    0x0800298c   0x0800298c   0x00000010   Code   RO          466    i.krf_param_init    pages.o
    0x0800299c   0x0800299c   0x000000bc   Code   RO          467    i.krf_proc          pages.o
    0x08002a58   0x08002a58   0x000000a0   Code   RO          468    i.layer_init_in     pages.o
    0x08002af8   0x08002af8   0x00000074   Code   RO          469    i.layer_init_out    pages.o
    0x08002b6c   0x08002b6c   0x00000034   Code   RO          470    i.list_draw_check_box_dot  pages.o
    0x08002ba0   0x08002ba0   0x00000040   Code   RO          471    i.list_draw_check_box_frame  pages.o
    0x08002be0   0x08002be0   0x00000058   Code   RO          472    i.list_draw_kpf     pages.o
    0x08002c38   0x08002c38   0x00000050   Code   RO          473    i.list_draw_krf     pages.o
    0x08002c88   0x08002c88   0x000000c8   Code   RO          474    i.list_draw_text_and_check_box  pages.o
    0x08002d50   0x08002d50   0x00000050   Code   RO          475    i.list_draw_value   pages.o
    0x08002da0   0x08002da0   0x00000244   Code   RO          476    i.list_rotate_switch  pages.o
    0x08002fe4   0x08002fe4   0x0000038c   Code   RO          477    i.list_show         pages.o
    0x08003370   0x08003370   0x0000006c   Code   RO         2510    i.main              main.o
    0x080033dc   0x080033dc   0x000000cc   Code   RO          478    i.main_proc         pages.o
    0x080034a8   0x080034a8   0x00000014   Code   RO         2348    i.millis            delay.o
    0x080034bc   0x080034bc   0x00000620   Code   RO         2616    i.powf              m_ws.l(powf.o)
    0x08003adc   0x08003adc   0x000000bc   Code   RO          214    i.setpixel          u8g2_adapter.o
    0x08003b98   0x08003b98   0x000000d0   Code   RO          479    i.setting_param_init  pages.o
    0x08003c68   0x08003c68   0x000002dc   Code   RO          480    i.setting_proc      pages.o
    0x08003f44   0x08003f44   0x00000188   Code   RO         2626    i.sinf              m_ws.l(sinf.o)
    0x080040cc   0x080040cc   0x00000024   Code   RO          481    i.sleep_param_init  pages.o
    0x080040f0   0x080040f0   0x00000044   Code   RO          482    i.tile_param_init   pages.o
    0x08004134   0x08004134   0x00000124   Code   RO          483    i.tile_rotate_switch  pages.o
    0x08004258   0x08004258   0x00000290   Code   RO          484    i.tile_show         pages.o
    0x080044e8   0x080044e8   0x00000024   Code   RO          215    i.u8g2_Begin        u8g2_adapter.o
    0x0800450c   0x0800450c   0x00000014   Code   RO          216    i.u8g2_ClearBuffer  u8g2_adapter.o
    0x08004520   0x08004520   0x00000038   Code   RO          217    i.u8g2_DrawBox      u8g2_adapter.o
    0x08004558   0x08004558   0x0000006c   Code   RO          219    i.u8g2_DrawFrame    u8g2_adapter.o
    0x080045c4   0x080045c4   0x00000024   Code   RO          220    i.u8g2_DrawHLine    u8g2_adapter.o
    0x080045e8   0x080045e8   0x0000002c   Code   RO          221    i.u8g2_DrawLine     u8g2_adapter.o
    0x08004614   0x08004614   0x00000112   Code   RO          223    i.u8g2_DrawRBox     u8g2_adapter.o
    0x08004726   0x08004726   0x00000144   Code   RO          224    i.u8g2_DrawRFrame   u8g2_adapter.o
    0x0800486a   0x0800486a   0x00000002   PAD
    0x0800486c   0x0800486c   0x00000038   Code   RO          225    i.u8g2_DrawStr      u8g2_adapter.o
    0x080048a4   0x080048a4   0x00000024   Code   RO          227    i.u8g2_DrawVLine    u8g2_adapter.o
    0x080048c8   0x080048c8   0x00000072   Code   RO          228    i.u8g2_DrawXBMP     u8g2_adapter.o
    0x0800493a   0x0800493a   0x00000002   PAD
    0x0800493c   0x0800493c   0x00000040   Code   RO          233    i.u8g2_GetStrWidth  u8g2_adapter.o
    0x0800497c   0x0800497c   0x00000028   Code   RO          234    i.u8g2_Print        u8g2_adapter.o
    0x080049a4   0x080049a4   0x00000084   Code   RO          235    i.u8g2_PrintFloat   u8g2_adapter.o
    0x08004a28   0x08004a28   0x0000002c   Code   RO          236    i.u8g2_PrintStr     u8g2_adapter.o
    0x08004a54   0x08004a54   0x00000008   Code   RO          237    i.u8g2_SendBuffer   u8g2_adapter.o
    0x08004a5c   0x08004a5c   0x00000024   Code   RO          238    i.u8g2_SetClipWindow  u8g2_adapter.o
    0x08004a80   0x08004a80   0x00000016   Code   RO          239    i.u8g2_SetContrast  u8g2_adapter.o
    0x08004a96   0x08004a96   0x00000002   PAD
    0x08004a98   0x08004a98   0x0000000c   Code   RO          240    i.u8g2_SetCursor    u8g2_adapter.o
    0x08004aa4   0x08004aa4   0x0000000c   Code   RO          241    i.u8g2_SetDrawColor  u8g2_adapter.o
    0x08004ab0   0x08004ab0   0x00000020   Code   RO          242    i.u8g2_SetFont      u8g2_adapter.o
    0x08004ad0   0x08004ad0   0x0000000c   Code   RO          243    i.u8g2_SetFontDirection  u8g2_adapter.o
    0x08004adc   0x08004adc   0x00000018   Code   RO          244    i.u8g2_SetMaxClipWindow  u8g2_adapter.o
    0x08004af4   0x08004af4   0x0000001a   Code   RO          245    i.u8g2_SetPowerSave  u8g2_adapter.o
    0x08004b0e   0x08004b0e   0x00000002   PAD
    0x08004b10   0x08004b10   0x00000028   Code   RO          978    i.ui_init           ui_state.o
    0x08004b38   0x08004b38   0x00000070   Code   RO          979    i.ui_param_init     ui_state.o
    0x08004ba8   0x08004ba8   0x000003c4   Code   RO          485    i.ui_proc           pages.o
    0x08004f6c   0x08004f6c   0x00000014   Code   RO          486    i.volt_param_init   pages.o
    0x08004f80   0x08004f80   0x0000004c   Code   RO          487    i.volt_proc         pages.o
    0x08004fcc   0x08004fcc   0x00000328   Code   RO          488    i.volt_show         pages.o
    0x080052f4   0x080052f4   0x00000148   Code   RO         1158    i.window_message_init  window.o
    0x0800543c   0x0800543c   0x00000060   Code   RO         1159    i.window_param_init  window.o
    0x0800549c   0x0800549c   0x00000124   Code   RO         1160    i.window_proc       window.o
    0x080055c0   0x080055c0   0x000003f0   Code   RO         1161    i.window_show       window.o
    0x080059b0   0x080059b0   0x00000058   Code   RO         1162    i.window_value_init  window.o
    0x08005a08   0x08005a08   0x00000018   Code   RO         2647    x$fpl$dcmpinf       fz_ws.l(dcmpi.o)
    0x08005a20   0x08005a20   0x00000078   Code   RO         2575    x$fpl$dleqf         fz_ws.l(dleqf.o)
    0x08005a98   0x08005a98   0x0000009c   Code   RO         2649    x$fpl$dnaninf       fz_ws.l(dnaninf.o)
    0x08005b34   0x08005b34   0x0000000c   Code   RO         2651    x$fpl$dretinf       fz_ws.l(dretinf.o)
    0x08005b40   0x08005b40   0x00000056   Code   RO         2577    x$fpl$f2d           fz_ws.l(f2d.o)
    0x08005b96   0x08005b96   0x00000002   PAD
    0x08005b98   0x08005b98   0x000000c4   Code   RO         2579    x$fpl$fadd          fz_ws.l(faddsub_clz.o)
    0x08005c5c   0x08005c5c   0x0000000c   Code   RO         2711    x$fpl$fcheck1       fz_ws.l(fcheck1.o)
    0x08005c68   0x08005c68   0x00000018   Code   RO         2653    x$fpl$fcmpinf       fz_ws.l(fcmpi.o)
    0x08005c80   0x08005c80   0x00000184   Code   RO         2586    x$fpl$fdiv          fz_ws.l(fdiv.o)
    0x08005e04   0x08005e04   0x00000068   Code   RO         2589    x$fpl$feqf          fz_ws.l(feqf.o)
    0x08005e6c   0x08005e6c   0x00000036   Code   RO         2591    x$fpl$ffix          fz_ws.l(ffix.o)
    0x08005ea2   0x08005ea2   0x00000002   PAD
    0x08005ea4   0x08005ea4   0x00000052   Code   RO         2592    x$fpl$ffixr         fz_ws.l(ffix.o)
    0x08005ef6   0x08005ef6   0x00000002   PAD
    0x08005ef8   0x08005ef8   0x0000003e   Code   RO         2595    x$fpl$ffixu         fz_ws.l(ffixu.o)
    0x08005f36   0x08005f36   0x00000002   PAD
    0x08005f38   0x08005f38   0x00000030   Code   RO         2600    x$fpl$fflt          fz_ws.l(fflt_clz.o)
    0x08005f68   0x08005f68   0x00000026   Code   RO         2599    x$fpl$ffltu         fz_ws.l(fflt_clz.o)
    0x08005f8e   0x08005f8e   0x00000002   PAD
    0x08005f90   0x08005f90   0x00000068   Code   RO         2605    x$fpl$fleqf         fz_ws.l(fleqf.o)
    0x08005ff8   0x08005ff8   0x00000102   Code   RO         2607    x$fpl$fmul          fz_ws.l(fmul.o)
    0x080060fa   0x080060fa   0x0000008c   Code   RO         2655    x$fpl$fnaninf       fz_ws.l(fnaninf.o)
    0x08006186   0x08006186   0x0000000a   Code   RO         2657    x$fpl$fretinf       fz_ws.l(fretinf.o)
    0x08006190   0x08006190   0x00000062   Code   RO         2609    x$fpl$frleqf        fz_ws.l(frleqf.o)
    0x080061f2   0x080061f2   0x00000002   PAD
    0x080061f4   0x080061f4   0x00000060   Code   RO         2659    x$fpl$frnd          fz_ws.l(frnd.o)
    0x08006254   0x08006254   0x00000014   Code   RO         2580    x$fpl$frsb          fz_ws.l(faddsub_clz.o)
    0x08006268   0x08006268   0x000000ea   Code   RO         2581    x$fpl$fsub          fz_ws.l(faddsub_clz.o)
    0x08006352   0x08006352   0x00000064   Code   RO         2726    x$fpl$retnan        fz_ws.l(retnan.o)
    0x080063b6   0x080063b6   0x0000004c   Code   RO         2663    x$fpl$scalbnf       fz_ws.l(scalbnf.o)
    0x08006402   0x08006402   0x00000030   Code   RO         2775    x$fpl$trapveneer    fz_ws.l(trapv.o)
    0x08006432   0x08006432   0x00000000   Code   RO         2665    x$fpl$usenofp       fz_ws.l(usenofp.o)
    0x08006432   0x08006432   0x00001e10   Data   RO           47    .constdata          oled.o
    0x08008242   0x08008242   0x00000002   Data   RO          246    .constdata          u8g2_adapter.o
    0x08008244   0x08008244   0x00000018   Data   RO          528    .constdata          pages.o
    0x0800825c   0x0800825c   0x00000480   Data   RO         1108    .constdata          menu_data.o
    0x080086dc   0x080086dc   0x0000000b   Data   RO         1213    .constdata          eeprom_manager.o
    0x080086e7   0x080086e7   0x00000011   Data   RO         2555    .constdata          c_w.l(__printf_flags_ss_wp.o)
    0x080086f8   0x080086f8   0x00000140   Data   RO         2617    .constdata          m_ws.l(powf.o)
    0x08008838   0x08008838   0x00000020   Data   RO         2683    .constdata          m_ws.l(rredf.o)
    0x08008858   0x08008858   0x0000001d   Data   RO          529    .conststring        pages.o
    0x08008875   0x08008875   0x00000003   PAD
    0x08008878   0x08008878   0x00000020   Data   RO         2854    Region$$Table       anon$$obj.o


    Execution Region RW_IRAM1 (Exec base: 0x20000000, Load base: 0x08008898, Size: 0x000028b8, Max: 0x00005000, ABSOLUTE, COMPRESSED[0x0000043c])

    Exec Addr    Load Addr    Size         Type   Attr      Idx    E Section Name        Object

    0x20000000   COMPRESSED   0x00000016   Data   RW          247    .data               u8g2_adapter.o
    0x20000016   COMPRESSED   0x00000001   Data   RW          433    .data               u8g2_global.o
    0x20000017   COMPRESSED   0x00000001   PAD
    0x20000018   COMPRESSED   0x00000024   Data   RW          530    .data               pages.o
    0x2000003c   COMPRESSED   0x00000004   Data   RW          981    .data               ui_state.o
    0x20000040   COMPRESSED   0x00000004   Data   RW         1063    .data               animation.o
    0x20000044   COMPRESSED   0x000012e0   Data   RW         1109    .data               menu_data.o
    0x20001324   COMPRESSED   0x0000000c   Data   RW         1126    .data               knob.o
    0x20001330   COMPRESSED   0x00000001   Data   RW         1214    .data               eeprom_manager.o
    0x20001331   COMPRESSED   0x00000003   PAD
    0x20001334   COMPRESSED   0x00000004   Data   RW         2349    .data               delay.o
    0x20001338   COMPRESSED   0x00000014   Data   RW         2480    .data               system_stm32f10x.o
    0x2000134c   COMPRESSED   0x00000004   Data   RW         2561    .data               c_w.l(strtok.o)
    0x20001350        -       0x00000800   Zero   RW           46    .bss                oled.o
    0x20001b50        -       0x000005d8   Zero   RW          980    .bss                ui_state.o
    0x20002128        -       0x0000001c   Zero   RW         1125    .bss                knob.o
    0x20002144        -       0x00000110   Zero   RW         1212    .bss                eeprom_manager.o
    0x20002254        -       0x00000060   Zero   RW         2714    .bss                c_w.l(libspace.o)
    0x200022b4   COMPRESSED   0x00000004   PAD
    0x200022b8        -       0x00000200   Zero   RW           18    HEAP                startup_stm32f10x_md.o
    0x200024b8        -       0x00000400   Zero   RW           17    STACK               startup_stm32f10x_md.o


==============================================================================

Image component sizes


      Code (inc. data)   RO Data    RW Data    ZI Data      Debug   Object Name

      1268        104          0          4          0       3992   animation.o
         0          0          0          0          0       4540   core_cm3.o
       192         26          0          4          0      18982   delay.o
       380         52         11          1        272       2994   eeprom_manager.o
       408         54          0         12         28       2897   knob.o
       108         22          0          0          0        595   main.o
         0          0       1152       4832          0       1270   menu_data.o
      1478         62       7696          0       2048     222524   oled.o
     10220        890         53         36          0      58857   pages.o
        64         26        236          0       1536        888   startup_stm32f10x_md.o
       286          0          0          0          0       3512   stm32f10x_gpio.o
        24          0          0          0          0       4244   stm32f10x_it.o
        32          6          0          0          0        689   stm32f10x_rcc.o
       328         28          0         20          0       2677   system_stm32f10x.o
      1756        100          2         22          0      20607   u8g2_adapter.o
         0          0          0          1          0       8219   u8g2_global.o
       152          8          0          4       1496       4508   ui_state.o
      1812        128          0          0          0       5058   window.o

    ----------------------------------------------------------------------
     18522       1506       9185       4940       5380     367053   Object Totals
         0          0         32          0          0          0   (incl. Generated)
        14          0          3          4          0          0   (incl. Padding)

    ----------------------------------------------------------------------

      Code (inc. data)   RO Data    RW Data    ZI Data      Debug   Library Member Name

        90          0          0          0          0          0   __dczerorl2.o
         8          0          0          0          0         68   __main.o
       392          4         17          0          0         92   __printf_flags_ss_wp.o
        14          0          0          0          0         68   __printf_wp.o
         0          0          0          0          0          0   __rtentry.o
        12          0          0          0          0          0   __rtentry2.o
         6          0          0          0          0          0   __rtentry4.o
        52          8          0          0          0          0   __scatter.o
        28          0          0          0          0          0   __scatter_zi.o
        48          6          0          0          0         96   _printf_char_common.o
         6          0          0          0          0          0   _printf_d.o
       120         16          0          0          0         92   _printf_dec.o
       178          0          0          0          0         88   _printf_intcommon.o
        78          0          0          0          0        108   _printf_pad.o
         0          0          0          0          0          0   _printf_percent.o
         4          0          0          0          0          0   _printf_percent_end.o
         6          0          0          0          0          0   _printf_u.o
        22          0          0          0          0        100   _rserrno.o
        10          0          0          0          0         68   _sputc.o
        18          0          0          0          0         80   exit.o
         6          0          0          0          0        152   heapauxi.o
         0          0          0          0          0          0   indicate_semi.o
         2          0          0          0          0          0   libinit.o
         2          0          0          0          0          0   libinit2.o
         2          0          0          0          0          0   libshutdown.o
         2          0          0          0          0          0   libshutdown2.o
         8          4          0          0         96         68   libspace.o
        40          6          0          0          0         84   noretval__2sprintf.o
         8          4          0          0          0         68   rt_errno_addr_intlibspace.o
        68          0          0          0          0         68   rt_memclr.o
        78          0          0          0          0         80   rt_memclr_w.o
         2          0          0          0          0          0   rtexit.o
        10          0          0          0          0          0   rtexit2.o
       128          0          0          0          0         68   strcmpv7m.o
        72          0          0          0          0         80   strcpy.o
        32          0          0          0          0         80   strcspn.o
        28          0          0          0          0         80   strspn.o
        12          6          0          4          0         68   strtok.o
        68          4          0          0          0         84   strtok_int.o
        12          4          0          0          0         68   sys_exit.o
        74          0          0          0          0         80   sys_stackheap_outer.o
         2          0          0          0          0         68   use_no_semi.o
        24          0          0          0          0         68   dcmpi.o
       120          4          0          0          0         92   dleqf.o
       156          4          0          0          0         92   dnaninf.o
        12          0          0          0          0         68   dretinf.o
        86          4          0          0          0         84   f2d.o
       450          8          0          0          0        236   faddsub_clz.o
        12          4          0          0          0         68   fcheck1.o
        24          0          0          0          0         68   fcmpi.o
       388         76          0          0          0         96   fdiv.o
       104          4          0          0          0         84   feqf.o
       136          8          0          0          0        168   ffix.o
        62          4          0          0          0         84   ffixu.o
        86          0          0          0          0        136   fflt_clz.o
       104          4          0          0          0         84   fleqf.o
       258          4          0          0          0         84   fmul.o
       140          4          0          0          0         84   fnaninf.o
        10          0          0          0          0         68   fretinf.o
        98          0          0          0          0         68   frleqf.o
        96          4          0          0          0         76   frnd.o
       100          0          0          0          0         68   retnan.o
        76          0          0          0          0         68   scalbnf.o
        48          0          0          0          0         68   trapv.o
         0          0          0          0          0          0   usenofp.o
       120         10          0          0          0         84   ceilf.o
        38          0          0          0          0         68   fpclassifyf.o
        48          0          0          0          0        408   funder.o
      1568         80        320          0          0        224   powf.o
       360         16         32          0          0         88   rredf.o
       392         54          0          0          0        124   sinf.o

    ----------------------------------------------------------------------
      6892        354        369          4        100       5064   Library Totals
        28          0          0          0          4          0   (incl. Padding)

    ----------------------------------------------------------------------

      Code (inc. data)   RO Data    RW Data    ZI Data      Debug   Library Name

      1748         62         17          4         96       2056   c_w.l
      2590        132          0          0          0       2012   fz_ws.l
      2526        160        352          0          0        996   m_ws.l

    ----------------------------------------------------------------------
      6892        354        369          4        100       5064   Library Totals

    ----------------------------------------------------------------------

==============================================================================


      Code (inc. data)   RO Data    RW Data    ZI Data      Debug   

     25414       1860       9554       4944       5480     362389   Grand Totals
     25414       1860       9554       1084       5480     362389   ELF Image Totals (compressed)
     25414       1860       9554       1084          0          0   ROM Totals

==============================================================================

    Total RO  Size (Code + RO Data)                34968 (  34.15kB)
    Total RW  Size (RW Data + ZI Data)             10424 (  10.18kB)
    Total ROM Size (Code + RO Data + RW Data)      36052 (  35.21kB)

==============================================================================

