<html>
<body>
<pre>
<h1>礦ision Build Log</h1>
<h2>Tool Versions:</h2>
IDE-Version: μVision V5.40.0.0
Copyright (C) 2024 ARM Ltd and ARM Germany GmbH. All rights reserved.
License Information: 1 Lenovo, 1, LIC=RC93N-YULAS-01ZP1-CWPBW-GA9N5-KWDTV
 
Tool Versions:
Toolchain:       MDK-ARM Plus  Version: 5.40.0.3
Toolchain Path:  C:\Keil_v5\ARM\ARMCC\Bin
C Compiler:      Armcc.exe V5.06 update 6 (build 750)
Assembler:       Armasm.exe V5.06 update 6 (build 750)
Linker/Locator:  ArmLink.exe V5.06 update 6 (build 750)
Library Manager: ArmAr.exe V5.06 update 6 (build 750)
Hex Converter:   FromElf.exe V5.06 update 6 (build 750)
CPU DLL:         SARMCM3.DLL V5.40.0.3
Dialog DLL:      DCM.DLL V1.17.5.0
Target DLL:      STLink\ST-LINKIII-KEIL_SWO.dll V3.3.0.0
Dialog DLL:      TCM.DLL V1.56.4.0
 
<h2>Project:</h2>
C:\Users\Lenovo\Documents\共享的文件\罗米奇存储总集\U盘、存储卡拷贝集\罗米奇的U盘\编程作品\外网软件&硬件项目\Wonome\WouoUI-128_128\WouoUI_Port\USER\WouoUI.uvprojx
Project File Date:  05/18/2026

<h2>Output:</h2>
*** Using Compiler 'V5.06 update 6 (build 750)', folder: 'C:\Keil_v5\ARM\ARMCC\Bin'
Rebuild target 'Target 1'
assembling startup_stm32f10x_md.s...
compiling core_cm3.c...
compiling oled.c...
compiling u8g2_global.cpp...
compiling u8g2_adapter.c...
compiling ui_state.c...
..\HARDWARE\WouoUI\ui_state.h(25): warning:  #1295-D: Deprecated declaration ui_param_init - give arg types
  void ui_param_init();
..\HARDWARE\WouoUI\ui_state.h(27): warning:  #1295-D: Deprecated declaration ui_init - give arg types
  void ui_init();
..\HARDWARE\WouoUI\ui_state.h(28): warning:  #1295-D: Deprecated declaration check_box_list_1_init - give arg types
  void check_box_list_1_init();
..\HARDWARE\WouoUI\ui_state.h(29): warning:  #1295-D: Deprecated declaration check_box_list_1_select - give arg types
  void check_box_list_1_select();
..\HARDWARE\WouoUI\ui_state.h(30): warning:  #1295-D: Deprecated declaration check_box_list_2_init - give arg types
  void check_box_list_2_init();
..\HARDWARE\WouoUI\ui_state.h(31): warning:  #1295-D: Deprecated declaration check_box_list_2_select - give arg types
  void check_box_list_2_select();
..\HARDWARE\WouoUI\ui_state.h(37): warning:  #1-D: last line of file ends without a newline
  #endif
..\HARDWARE\WouoUI\menu_data.h(22): warning:  #1-D: last line of file ends without a newline
  #endif
..\HARDWARE\WouoUI\eeprom_manager.h(12): warning:  #1295-D: Deprecated declaration eeprom_write_all_data - give arg types
  void eeprom_write_all_data();
..\HARDWARE\WouoUI\eeprom_manager.h(13): warning:  #1295-D: Deprecated declaration eeprom_read_all_data - give arg types
  void eeprom_read_all_data();
..\HARDWARE\WouoUI\eeprom_manager.h(14): warning:  #1295-D: Deprecated declaration eeprom_init - give arg types
  void eeprom_init();
..\HARDWARE\WouoUI\eeprom_manager.h(20): warning:  #1-D: last line of file ends without a newline
  #endif
..\HARDWARE\WouoUI\ui_state.c: 12 warnings, 0 errors
compiling pages.cpp...
..\HARDWARE\WouoUI\pages.h(58): warning:  #1-D: last line of file ends without a newline
  #endif
..\HARDWARE\WouoUI\ui_state.h(37): warning:  #1-D: last line of file ends without a newline
  #endif
..\HARDWARE\WouoUI\animation.h(21): warning:  #1-D: last line of file ends without a newline
  #endif
..\HARDWARE\WouoUI\menu_data.h(22): warning:  #1-D: last line of file ends without a newline
  #endif
..\HARDWARE\WouoUI\eeprom_manager.h(20): warning:  #1-D: last line of file ends without a newline
  #endif
..\HARDWARE\WouoUI\knob.h(23): warning:  #1-D: last line of file ends without a newline
  #endif
..\HARDWARE\WouoUI\window.h(23): warning:  #1-D: last line of file ends without a newline
  #endif
..\HARDWARE\WouoUI\pages.cpp: 7 warnings, 0 errors
compiling animation.c...
..\HARDWARE\WouoUI\animation.h(15): warning:  #1295-D: Deprecated declaration fade - give arg types
  void fade();
..\HARDWARE\WouoUI\animation.h(21): warning:  #1-D: last line of file ends without a newline
  #endif
..\HARDWARE\WouoUI\ui_state.h(25): warning:  #1295-D: Deprecated declaration ui_param_init - give arg types
  void ui_param_init();
..\HARDWARE\WouoUI\ui_state.h(27): warning:  #1295-D: Deprecated declaration ui_init - give arg types
  void ui_init();
..\HARDWARE\WouoUI\ui_state.h(28): warning:  #1295-D: Deprecated declaration check_box_list_1_init - give arg types
  void check_box_list_1_init();
..\HARDWARE\WouoUI\ui_state.h(29): warning:  #1295-D: Deprecated declaration check_box_list_1_select - give arg types
  void check_box_list_1_select();
..\HARDWARE\WouoUI\ui_state.h(30): warning:  #1295-D: Deprecated declaration check_box_list_2_init - give arg types
  void check_box_list_2_init();
..\HARDWARE\WouoUI\ui_state.h(31): warning:  #1295-D: Deprecated declaration check_box_list_2_select - give arg types
  void check_box_list_2_select();
..\HARDWARE\WouoUI\ui_state.h(37): warning:  #1-D: last line of file ends without a newline
  #endif
..\HARDWARE\WouoUI\animation.c: 9 warnings, 0 errors
compiling menu_data.c...
..\HARDWARE\WouoUI\menu_data.h(22): warning:  #1-D: last line of file ends without a newline
  #endif
..\HARDWARE\WouoUI\menu_data.c: 1 warning, 0 errors
compiling knob.c...
..\HARDWARE\WouoUI\knob.h(15): warning:  #1295-D: Deprecated declaration knob_inter - give arg types
  void knob_inter();
..\HARDWARE\WouoUI\knob.h(16): warning:  #1295-D: Deprecated declaration btn_scan - give arg types
  void btn_scan();
..\HARDWARE\WouoUI\knob.h(17): warning:  #1295-D: Deprecated declaration btn_init - give arg types
  void btn_init();
..\HARDWARE\WouoUI\knob.h(23): warning:  #1-D: last line of file ends without a newline
  #endif
..\HARDWARE\WouoUI\ui_state.h(25): warning:  #1295-D: Deprecated declaration ui_param_init - give arg types
  void ui_param_init();
..\HARDWARE\WouoUI\ui_state.h(27): warning:  #1295-D: Deprecated declaration ui_init - give arg types
  void ui_init();
..\HARDWARE\WouoUI\ui_state.h(28): warning:  #1295-D: Deprecated declaration check_box_list_1_init - give arg types
  void check_box_list_1_init();
..\HARDWARE\WouoUI\ui_state.h(29): warning:  #1295-D: Deprecated declaration check_box_list_1_select - give arg types
  void check_box_list_1_select();
..\HARDWARE\WouoUI\ui_state.h(30): warning:  #1295-D: Deprecated declaration check_box_list_2_init - give arg types
  void check_box_list_2_init();
..\HARDWARE\WouoUI\ui_state.h(31): warning:  #1295-D: Deprecated declaration check_box_list_2_select - give arg types
  void check_box_list_2_select();
..\HARDWARE\WouoUI\ui_state.h(37): warning:  #1-D: last line of file ends without a newline
  #endif
..\HARDWARE\WouoUI\knob.c: 11 warnings, 0 errors
compiling window.c...
..\HARDWARE\WouoUI\window.h(15): warning:  #1295-D: Deprecated declaration window_param_init - give arg types
  void window_param_init();
..\HARDWARE\WouoUI\window.h(16): warning:  #1295-D: Deprecated declaration window_show - give arg types
  void window_show();
..\HARDWARE\WouoUI\window.h(17): warning:  #1295-D: Deprecated declaration window_proc - give arg types
  void window_proc();
..\HARDWARE\WouoUI\window.h(23): warning:  #1-D: last line of file ends without a newline
  #endif
..\HARDWARE\WouoUI\ui_state.h(25): warning:  #1295-D: Deprecated declaration ui_param_init - give arg types
  void ui_param_init();
..\HARDWARE\WouoUI\ui_state.h(27): warning:  #1295-D: Deprecated declaration ui_init - give arg types
  void ui_init();
..\HARDWARE\WouoUI\ui_state.h(28): warning:  #1295-D: Deprecated declaration check_box_list_1_init - give arg types
  void check_box_list_1_init();
..\HARDWARE\WouoUI\ui_state.h(29): warning:  #1295-D: Deprecated declaration check_box_list_1_select - give arg types
  void check_box_list_1_select();
..\HARDWARE\WouoUI\ui_state.h(30): warning:  #1295-D: Deprecated declaration check_box_list_2_init - give arg types
  void check_box_list_2_init();
..\HARDWARE\WouoUI\ui_state.h(31): warning:  #1295-D: Deprecated declaration check_box_list_2_select - give arg types
  void check_box_list_2_select();
..\HARDWARE\WouoUI\ui_state.h(37): warning:  #1-D: last line of file ends without a newline
  #endif
..\HARDWARE\WouoUI\animation.h(15): warning:  #1295-D: Deprecated declaration fade - give arg types
  void fade();
..\HARDWARE\WouoUI\animation.h(21): warning:  #1-D: last line of file ends without a newline
  #endif
..\HARDWARE\WouoUI\eeprom_manager.h(12): warning:  #1295-D: Deprecated declaration eeprom_write_all_data - give arg types
  void eeprom_write_all_data();
..\HARDWARE\WouoUI\eeprom_manager.h(13): warning:  #1295-D: Deprecated declaration eeprom_read_all_data - give arg types
  void eeprom_read_all_data();
..\HARDWARE\WouoUI\eeprom_manager.h(14): warning:  #1295-D: Deprecated declaration eeprom_init - give arg types
  void eeprom_init();
..\HARDWARE\WouoUI\eeprom_manager.h(20): warning:  #1-D: last line of file ends without a newline
  #endif
..\HARDWARE\WouoUI\pages.h(17): warning:  #1295-D: Deprecated declaration list_draw_check_box_frame - give arg types
  void list_draw_check_box_frame();
..\HARDWARE\WouoUI\pages.h(18): warning:  #1295-D: Deprecated declaration list_draw_check_box_dot - give arg types
  void list_draw_check_box_dot();
..\HARDWARE\WouoUI\pages.h(21): warning:  #1295-D: Deprecated declaration tile_param_init - give arg types
  void tile_param_init();
..\HARDWARE\WouoUI\pages.h(23): warning:  #1295-D: Deprecated declaration list_rotate_switch - give arg types
  void list_rotate_switch();
..\HARDWARE\WouoUI\pages.h(25): warning:  #1295-D: Deprecated declaration volt_param_init - give arg types
  void volt_param_init();
..\HARDWARE\WouoUI\pages.h(26): warning:  #1295-D: Deprecated declaration volt_show - give arg types
  void volt_show();
..\HARDWARE\WouoUI\pages.h(27): warning:  #1295-D: Deprecated declaration sleep_param_init - give arg types
  void sleep_param_init();
..\HARDWARE\WouoUI\pages.h(28): warning:  #1295-D: Deprecated declaration about_param_init - give arg types
  void about_param_init();
..\HARDWARE\WouoUI\pages.h(29): warning:  #1295-D: Deprecated declaration about_show - give arg types
  void about_show();
..\HARDWARE\WouoUI\pages.h(30): warning:  #1295-D: Deprecated declaration layer_init_in - give arg types
  void layer_init_in();
..\HARDWARE\WouoUI\pages.h(31): warning:  #1295-D: Deprecated declaration layer_init_out - give arg types
  void layer_init_out();
..\HARDWARE\WouoUI\pages.h(32): warning:  #1295-D: Deprecated declaration tile_rotate_switch - give arg types
  void tile_rotate_switch();
..\HARDWARE\WouoUI\pages.h(33): warning:  #1295-D: Deprecated declaration main_proc - give arg types
  void main_proc();
..\HARDWARE\WouoUI\pages.h(34): warning:  #1295-D: Deprecated declaration editor_proc - give arg types
  void editor_proc();
..\HARDWARE\WouoUI\pages.h(35): warning:  #1295-D: Deprecated declaration knob_proc - give arg types
  void knob_proc();
..\HARDWARE\WouoUI\pages.h(36): warning:  #1295-D: Deprecated declaration krf_proc - give arg types
  void krf_proc();
..\HARDWARE\WouoUI\pages.h(37): warning:  #1295-D: Deprecated declaration kpf_proc - give arg types
  void kpf_proc();
..\HARDWARE\WouoUI\pages.h(38): warning:  #1295-D: Deprecated declaration volt_proc - give arg types
  void volt_proc();
..\HARDWARE\WouoUI\pages.h(39): warning:  #1295-D: Deprecated declaration setting_proc - give arg types
  void setting_proc();
..\HARDWARE\WouoUI\pages.h(40): warning:  #1295-D: Deprecated declaration about_proc - give arg types
  void about_proc();
..\HARDWARE\WouoUI\pages.h(41): warning:  #1295-D: Deprecated declaration ui_proc - give arg types
  void ui_proc();
..\HARDWARE\WouoUI\pages.h(43): warning:  #1295-D: Deprecated declaration ui_param_init - give arg types
  void ui_param_init();
..\HARDWARE\WouoUI\pages.h(44): warning:  #1295-D: Deprecated declaration ui_init - give arg types
  void ui_init();
..\HARDWARE\WouoUI\pages.h(45): warning:  #1295-D: Deprecated declaration fade - give arg types
  void fade();
..\HARDWARE\WouoUI\pages.h(46): warning:  #1295-D: Deprecated declaration window_show - give arg types
  void window_show();
..\HARDWARE\WouoUI\pages.h(47): warning:  #1295-D: Deprecated declaration window_proc - give arg types
  void window_proc();
..\HARDWARE\WouoUI\pages.h(48): warning:  #1295-D: Deprecated declaration window_param_init - give arg types
  void window_param_init();
..\HARDWARE\WouoUI\pages.h(49): warning:  #1295-D: Deprecated declaration knob_param_init - give arg types
  void knob_param_init();
..\HARDWARE\WouoUI\pages.h(50): warning:  #1295-D: Deprecated declaration krf_param_init - give arg types
  void krf_param_init();
..\HARDWARE\WouoUI\pages.h(51): warning:  #1295-D: Deprecated declaration kpf_param_init - give arg types
  void kpf_param_init();
..\HARDWARE\WouoUI\pages.h(52): warning:  #1295-D: Deprecated declaration setting_param_init - give arg types
  void setting_param_init();
..\HARDWARE\WouoUI\pages.h(58): warning:  #1-D: last line of file ends without a newline
  #endif
..\HARDWARE\WouoUI\knob.h(15): warning:  #1295-D: Deprecated declaration knob_inter - give arg types
  void knob_inter();
..\HARDWARE\WouoUI\knob.h(16): warning:  #1295-D: Deprecated declaration btn_scan - give arg types
  void btn_scan();
..\HARDWARE\WouoUI\knob.h(17): warning:  #1295-D: Deprecated declaration btn_init - give arg types
  void btn_init();
..\HARDWARE\WouoUI\knob.h(23): warning:  #1-D: last line of file ends without a newline
  #endif
..\HARDWARE\WouoUI\window.c: 53 warnings, 0 errors
compiling eeprom_manager.c...
..\HARDWARE\WouoUI\eeprom_manager.h(12): warning:  #1295-D: Deprecated declaration eeprom_write_all_data - give arg types
  void eeprom_write_all_data();
..\HARDWARE\WouoUI\eeprom_manager.h(13): warning:  #1295-D: Deprecated declaration eeprom_read_all_data - give arg types
  void eeprom_read_all_data();
..\HARDWARE\WouoUI\eeprom_manager.h(14): warning:  #1295-D: Deprecated declaration eeprom_init - give arg types
  void eeprom_init();
..\HARDWARE\WouoUI\eeprom_manager.h(20): warning:  #1-D: last line of file ends without a newline
  #endif
..\HARDWARE\WouoUI\ui_state.h(25): warning:  #1295-D: Deprecated declaration ui_param_init - give arg types
  void ui_param_init();
..\HARDWARE\WouoUI\ui_state.h(27): warning:  #1295-D: Deprecated declaration ui_init - give arg types
  void ui_init();
..\HARDWARE\WouoUI\ui_state.h(28): warning:  #1295-D: Deprecated declaration check_box_list_1_init - give arg types
  void check_box_list_1_init();
..\HARDWARE\WouoUI\ui_state.h(29): warning:  #1295-D: Deprecated declaration check_box_list_1_select - give arg types
  void check_box_list_1_select();
..\HARDWARE\WouoUI\ui_state.h(30): warning:  #1295-D: Deprecated declaration check_box_list_2_init - give arg types
  void check_box_list_2_init();
..\HARDWARE\WouoUI\ui_state.h(31): warning:  #1295-D: Deprecated declaration check_box_list_2_select - give arg types
  void check_box_list_2_select();
..\HARDWARE\WouoUI\ui_state.h(37): warning:  #1-D: last line of file ends without a newline
  #endif
..\HARDWARE\WouoUI\eeprom_manager.c: 11 warnings, 0 errors
compiling misc.c...
compiling stm32f10x_gpio.c...
compiling stm32f10x_rcc.c...
compiling stm32f10x_tim.c...
compiling stm32f10x_usart.c...
compiling stm32f10x_dbgmcu.c...
compiling delay.c...
compiling sys.c...
compiling stm32f10x_it.c...
compiling system_stm32f10x.c...
compiling main.c...
..\HARDWARE\WouoUI\ui_state.h(25): warning:  #1295-D: Deprecated declaration ui_param_init - give arg types
  void ui_param_init();
..\HARDWARE\WouoUI\ui_state.h(27): warning:  #1295-D: Deprecated declaration ui_init - give arg types
  void ui_init();
..\HARDWARE\WouoUI\ui_state.h(28): warning:  #1295-D: Deprecated declaration check_box_list_1_init - give arg types
  void check_box_list_1_init();
..\HARDWARE\WouoUI\ui_state.h(29): warning:  #1295-D: Deprecated declaration check_box_list_1_select - give arg types
  void check_box_list_1_select();
..\HARDWARE\WouoUI\ui_state.h(30): warning:  #1295-D: Deprecated declaration check_box_list_2_init - give arg types
  void check_box_list_2_init();
..\HARDWARE\WouoUI\ui_state.h(31): warning:  #1295-D: Deprecated declaration check_box_list_2_select - give arg types
  void check_box_list_2_select();
..\HARDWARE\WouoUI\ui_state.h(37): warning:  #1-D: last line of file ends without a newline
  #endif
..\HARDWARE\WouoUI\menu_data.h(22): warning:  #1-D: last line of file ends without a newline
  #endif
..\HARDWARE\WouoUI\animation.h(15): warning:  #1295-D: Deprecated declaration fade - give arg types
  void fade();
..\HARDWARE\WouoUI\animation.h(21): warning:  #1-D: last line of file ends without a newline
  #endif
..\HARDWARE\WouoUI\pages.h(17): warning:  #1295-D: Deprecated declaration list_draw_check_box_frame - give arg types
  void list_draw_check_box_frame();
..\HARDWARE\WouoUI\pages.h(18): warning:  #1295-D: Deprecated declaration list_draw_check_box_dot - give arg types
  void list_draw_check_box_dot();
..\HARDWARE\WouoUI\pages.h(21): warning:  #1295-D: Deprecated declaration tile_param_init - give arg types
  void tile_param_init();
..\HARDWARE\WouoUI\pages.h(23): warning:  #1295-D: Deprecated declaration list_rotate_switch - give arg types
  void list_rotate_switch();
..\HARDWARE\WouoUI\pages.h(25): warning:  #1295-D: Deprecated declaration volt_param_init - give arg types
  void volt_param_init();
..\HARDWARE\WouoUI\pages.h(26): warning:  #1295-D: Deprecated declaration volt_show - give arg types
  void volt_show();
..\HARDWARE\WouoUI\pages.h(27): warning:  #1295-D: Deprecated declaration sleep_param_init - give arg types
  void sleep_param_init();
..\HARDWARE\WouoUI\pages.h(28): warning:  #1295-D: Deprecated declaration about_param_init - give arg types
  void about_param_init();
..\HARDWARE\WouoUI\pages.h(29): warning:  #1295-D: Deprecated declaration about_show - give arg types
  void about_show();
..\HARDWARE\WouoUI\pages.h(30): warning:  #1295-D: Deprecated declaration layer_init_in - give arg types
  void layer_init_in();
..\HARDWARE\WouoUI\pages.h(31): warning:  #1295-D: Deprecated declaration layer_init_out - give arg types
  void layer_init_out();
..\HARDWARE\WouoUI\pages.h(32): warning:  #1295-D: Deprecated declaration tile_rotate_switch - give arg types
  void tile_rotate_switch();
..\HARDWARE\WouoUI\pages.h(33): warning:  #1295-D: Deprecated declaration main_proc - give arg types
  void main_proc();
..\HARDWARE\WouoUI\pages.h(34): warning:  #1295-D: Deprecated declaration editor_proc - give arg types
  void editor_proc();
..\HARDWARE\WouoUI\pages.h(35): warning:  #1295-D: Deprecated declaration knob_proc - give arg types
  void knob_proc();
..\HARDWARE\WouoUI\pages.h(36): warning:  #1295-D: Deprecated declaration krf_proc - give arg types
  void krf_proc();
..\HARDWARE\WouoUI\pages.h(37): warning:  #1295-D: Deprecated declaration kpf_proc - give arg types
  void kpf_proc();
..\HARDWARE\WouoUI\pages.h(38): warning:  #1295-D: Deprecated declaration volt_proc - give arg types
  void volt_proc();
..\HARDWARE\WouoUI\pages.h(39): warning:  #1295-D: Deprecated declaration setting_proc - give arg types
  void setting_proc();
..\HARDWARE\WouoUI\pages.h(40): warning:  #1295-D: Deprecated declaration about_proc - give arg types
  void about_proc();
..\HARDWARE\WouoUI\pages.h(41): warning:  #1295-D: Deprecated declaration ui_proc - give arg types
  void ui_proc();
..\HARDWARE\WouoUI\pages.h(43): warning:  #1295-D: Deprecated declaration ui_param_init - give arg types
  void ui_param_init();
..\HARDWARE\WouoUI\pages.h(44): warning:  #1295-D: Deprecated declaration ui_init - give arg types
  void ui_init();
..\HARDWARE\WouoUI\pages.h(45): warning:  #1295-D: Deprecated declaration fade - give arg types
  void fade();
..\HARDWARE\WouoUI\pages.h(46): warning:  #1295-D: Deprecated declaration window_show - give arg types
  void window_show();
..\HARDWARE\WouoUI\pages.h(47): warning:  #1295-D: Deprecated declaration window_proc - give arg types
  void window_proc();
..\HARDWARE\WouoUI\pages.h(48): warning:  #1295-D: Deprecated declaration window_param_init - give arg types
  void window_param_init();
..\HARDWARE\WouoUI\pages.h(49): warning:  #1295-D: Deprecated declaration knob_param_init - give arg types
  void knob_param_init();
..\HARDWARE\WouoUI\pages.h(50): warning:  #1295-D: Deprecated declaration krf_param_init - give arg types
  void krf_param_init();
..\HARDWARE\WouoUI\pages.h(51): warning:  #1295-D: Deprecated declaration kpf_param_init - give arg types
  void kpf_param_init();
..\HARDWARE\WouoUI\pages.h(52): warning:  #1295-D: Deprecated declaration setting_param_init - give arg types
  void setting_param_init();
..\HARDWARE\WouoUI\pages.h(58): warning:  #1-D: last line of file ends without a newline
  #endif
..\HARDWARE\WouoUI\knob.h(15): warning:  #1295-D: Deprecated declaration knob_inter - give arg types
  void knob_inter();
..\HARDWARE\WouoUI\knob.h(16): warning:  #1295-D: Deprecated declaration btn_scan - give arg types
  void btn_scan();
..\HARDWARE\WouoUI\knob.h(17): warning:  #1295-D: Deprecated declaration btn_init - give arg types
  void btn_init();
..\HARDWARE\WouoUI\knob.h(23): warning:  #1-D: last line of file ends without a newline
  #endif
..\HARDWARE\WouoUI\window.h(15): warning:  #1295-D: Deprecated declaration window_param_init - give arg types
  void window_param_init();
..\HARDWARE\WouoUI\window.h(16): warning:  #1295-D: Deprecated declaration window_show - give arg types
  void window_show();
..\HARDWARE\WouoUI\window.h(17): warning:  #1295-D: Deprecated declaration window_proc - give arg types
  void window_proc();
..\HARDWARE\WouoUI\window.h(23): warning:  #1-D: last line of file ends without a newline
  #endif
..\HARDWARE\WouoUI\eeprom_manager.h(12): warning:  #1295-D: Deprecated declaration eeprom_write_all_data - give arg types
  void eeprom_write_all_data();
..\HARDWARE\WouoUI\eeprom_manager.h(13): warning:  #1295-D: Deprecated declaration eeprom_read_all_data - give arg types
  void eeprom_read_all_data();
..\HARDWARE\WouoUI\eeprom_manager.h(14): warning:  #1295-D: Deprecated declaration eeprom_init - give arg types
  void eeprom_init();
..\HARDWARE\WouoUI\eeprom_manager.h(20): warning:  #1-D: last line of file ends without a newline
  #endif
main.c: 54 warnings, 0 errors
linking...
Program Size: Code=18914 RO-data=9170 RW-data=4808 ZI-data=5120  
FromELF: creating hex file...
"..\OBJ\WouoUI.axf" - 0 Error(s), 158 Warning(s).

<h2>Software Packages used:</h2>

Package Vendor: Keil
                https://www.keil.com/pack/Keil.STM32F1xx_DFP.2.4.1.pack
                Keil::STM32F1xx_DFP@2.4.1
                STMicroelectronics STM32F1 Series Device Support, Drivers and Examples

<h2>Collection of Component include folders:</h2>
  C:/Users/Lenovo/AppData/Local/Arm/Packs/Keil/STM32F1xx_DFP/2.4.1/Device/Include

<h2>Collection of Component Files used:</h2>
Build Time Elapsed:  00:00:07
</pre>
</body>
</html>
